Archive member included to satisfy reference by file (symbol)

libtsn.a(adp.c.obj)           (--whole-archive)
libtsn.a(acmp.c.obj)          (--whole-archive)
libtsn.a(maap.c.obj)          (--whole-archive)
/usr/lib/gcc/riscv64-elf/16.2.0/rv32i/ilp32/libgcc.a(div.o)
                              libtsn.a(maap.c.obj) (__umodsi3)

Merging object attributes


There are no discarded input sections

Memory Configuration

Name             Origin             Length             Attributes
ram              0x80000000         0x08000000         xrw
*default*        0x00000000         0xffffffff

Linker script and memory map

LOAD CMakeFiles/rv32_smoke.dir/examples/rv32/smoke.c.obj
LOAD CMakeFiles/rv32_smoke.dir/examples/rv32/runtime.c.obj
LOAD CMakeFiles/rv32_smoke.dir/examples/rv32/start.S.obj
LOAD libtsn.a
LOAD /usr/lib/gcc/riscv64-elf/16.2.0/rv32i/ilp32/libgcc.a

.text           0x80000000     0x7004
 *(.text.start)
 .text.start    0x80000000       0x38 CMakeFiles/rv32_smoke.dir/examples/rv32/start.S.obj
                0x80000000                _start
 *(.text .text.*)
 .text          0x80000038      0xb90 CMakeFiles/rv32_smoke.dir/examples/rv32/smoke.c.obj
 .text.startup  0x80000bc8       0x38 CMakeFiles/rv32_smoke.dir/examples/rv32/smoke.c.obj
                0x80000bc8                main
 .text          0x80000c00      0x2c0 CMakeFiles/rv32_smoke.dir/examples/rv32/runtime.c.obj
                0x80000c00                memset
                0x80000cf8                memcpy
                0x80000e70                port_exit
                0x80000e98                port_assert_failed
                0x80000eac                ctrl_reentry_assert
 .text          0x80000ec0        0x0 CMakeFiles/rv32_smoke.dir/examples/rv32/start.S.obj
 .text          0x80000ec0      0xd14 libtsn.a(adp.c.obj)
                0x80000ec0                adp_reentry_count
                0x80000ee4                adp_build
                0x800012a0                adp_init
                0x80001350                adp_set_current_configuration
                0x80001378                adp_set_enable
                0x800015ac                adp_link_change
                0x800016e4                adp_gm_change
                0x800017d0                adp_timer_expired
                0x800018e0                adp_rx
                0x80001ad0                adp_poll
 .text          0x80001bd4     0x425c libtsn.a(acmp.c.obj)
                0x80002ba4                acmp_init
                0x8000300c                acmp_rx
                0x80004464                acmp_adp_rx
                0x80004ba0                acmp_timer_expired
                0x80004fe4                acmp_tk_registered
                0x80005068                acmp_tk_kind_changed
                0x800050dc                acmp_tk_unregistered
                0x8000520c                acmp_set_started
                0x800052a4                acmp_poll
                0x80005654                acmp_restore_binding
                0x80005a18                acmp_restore_rollback
                0x80005bfc                acmp_open
                0x80005c2c                acmp_binding_latch
                0x80005ccc                acmp_view
                0x80005e04                acmp_change_pending
 .text          0x80005e30     0x1120 libtsn.a(maap.c.obj)
                0x8000650c                maap_init
                0x80006610                maap_begin
                0x80006784                maap_release
                0x80006830                maap_port_operational
                0x8000695c                maap_rx
                0x80006e84                maap_timer_expired
                0x80006f08                maap_poll
 .text          0x80006f50       0xb4 /usr/lib/gcc/riscv64-elf/16.2.0/rv32i/ilp32/libgcc.a(div.o)
                0x80006f50                __divsi3
                0x80006f58                __hidden___udivsi3
                0x80006f58                __udivsi3
                0x80006fa0                __umodsi3
                0x80006fd4                __modsi3

.rodata         0x80007004        0x5
 *(.rodata .rodata.*)
 .rodata.str1.4
                0x80007004        0x5 libtsn.a(acmp.c.obj)

.srodata.cst8   0x80007010       0x20
 .srodata.cst8  0x80007010       0x20 CMakeFiles/rv32_smoke.dir/examples/rv32/smoke.c.obj
                                 0x18 (size before relaxing)
 .srodata.cst8  0x80007030        0x0 libtsn.a(maap.c.obj)
                                  0x8 (size before relaxing)

.rela.dyn       0x80007030        0x0
 .rela.text.start
                0x80007030        0x0 CMakeFiles/rv32_smoke.dir/examples/rv32/smoke.c.obj

.data           0x80008000        0x0
                0x80008800                        __global_pointer$ = (. + 0x800)
 *(.sdata .sdata.* .data .data.*)
 .data          0x80008000        0x0 CMakeFiles/rv32_smoke.dir/examples/rv32/smoke.c.obj
 .data          0x80008000        0x0 CMakeFiles/rv32_smoke.dir/examples/rv32/runtime.c.obj
 .data          0x80008000        0x0 CMakeFiles/rv32_smoke.dir/examples/rv32/start.S.obj
 .data          0x80008000        0x0 libtsn.a(adp.c.obj)
 .data          0x80008000        0x0 libtsn.a(acmp.c.obj)
 .data          0x80008000        0x0 libtsn.a(maap.c.obj)
 .data          0x80008000        0x0 /usr/lib/gcc/riscv64-elf/16.2.0/rv32i/ilp32/libgcc.a(div.o)

.bss            0x80008000        0x8
                0x80008000                        . = ALIGN (0x4)
                0x80008000                        __bss_start = .
 *(.sbss .sbss.* .bss .bss.* COMMON)
 .bss           0x80008000        0x0 CMakeFiles/rv32_smoke.dir/examples/rv32/smoke.c.obj
 .bss           0x80008000        0x0 CMakeFiles/rv32_smoke.dir/examples/rv32/runtime.c.obj
 .bss           0x80008000        0x0 CMakeFiles/rv32_smoke.dir/examples/rv32/start.S.obj
 .bss           0x80008000        0x0 libtsn.a(adp.c.obj)
 .sbss          0x80008000        0x5 libtsn.a(adp.c.obj)
 .bss           0x80008005        0x0 libtsn.a(acmp.c.obj)
 .bss           0x80008005        0x0 libtsn.a(maap.c.obj)
 .bss           0x80008005        0x0 /usr/lib/gcc/riscv64-elf/16.2.0/rv32i/ilp32/libgcc.a(div.o)
                0x80008008                        . = ALIGN (0x4)
 *fill*         0x80008005        0x3 
                0x80008008                        __bss_end = .

.stack          0x80008008    0x10008
                0x80008010                        . = ALIGN (0x10)
 *fill*         0x80008008        0x8 
                0x80018010                        . = (. + 0x10000)
 *fill*         0x80008010    0x10000 
                0x80018010                        __stack_top = .
OUTPUT(rv32_smoke.elf elf32-littleriscv)

.comment        0x00000000       0x26
 .comment       0x00000000       0x26 CMakeFiles/rv32_smoke.dir/examples/rv32/smoke.c.obj
                                 0x27 (size before relaxing)
 .comment       0x00000026        0x0 CMakeFiles/rv32_smoke.dir/examples/rv32/runtime.c.obj
                                 0x27 (size before relaxing)
 .comment       0x00000026        0x0 libtsn.a(adp.c.obj)
                                 0x27 (size before relaxing)
 .comment       0x00000026        0x0 libtsn.a(acmp.c.obj)
                                 0x27 (size before relaxing)
 .comment       0x00000026        0x0 libtsn.a(maap.c.obj)
                                 0x27 (size before relaxing)

.note.GNU-stack
                0x00000000        0x0
 .note.GNU-stack
                0x00000000        0x0 CMakeFiles/rv32_smoke.dir/examples/rv32/smoke.c.obj
 .note.GNU-stack
                0x00000000        0x0 CMakeFiles/rv32_smoke.dir/examples/rv32/runtime.c.obj
 .note.GNU-stack
                0x00000000        0x0 libtsn.a(adp.c.obj)
 .note.GNU-stack
                0x00000000        0x0 libtsn.a(acmp.c.obj)
 .note.GNU-stack
                0x00000000        0x0 libtsn.a(maap.c.obj)

.riscv.attributes
                0x00000000       0x1c
 .riscv.attributes
                0x00000000       0x1c CMakeFiles/rv32_smoke.dir/examples/rv32/smoke.c.obj
 .riscv.attributes
                0x0000001c       0x1c CMakeFiles/rv32_smoke.dir/examples/rv32/runtime.c.obj
 .riscv.attributes
                0x00000038       0x1a CMakeFiles/rv32_smoke.dir/examples/rv32/start.S.obj
 .riscv.attributes
                0x00000052       0x1c libtsn.a(adp.c.obj)
 .riscv.attributes
                0x0000006e       0x1c libtsn.a(acmp.c.obj)
 .riscv.attributes
                0x0000008a       0x1c libtsn.a(maap.c.obj)
 .riscv.attributes
                0x000000a6       0x1a /usr/lib/gcc/riscv64-elf/16.2.0/rv32i/ilp32/libgcc.a(div.o)

.debug_line     0x00000000      0x153
 .debug_line    0x00000000      0x153 /usr/lib/gcc/riscv64-elf/16.2.0/rv32i/ilp32/libgcc.a(div.o)

.debug_line_str
                0x00000000       0x84
 .debug_line_str
                0x00000000       0x84 /usr/lib/gcc/riscv64-elf/16.2.0/rv32i/ilp32/libgcc.a(div.o)

.debug_info     0x00000000       0x5f
 .debug_info    0x00000000       0x5f /usr/lib/gcc/riscv64-elf/16.2.0/rv32i/ilp32/libgcc.a(div.o)

.debug_abbrev   0x00000000       0x28
 .debug_abbrev  0x00000000       0x28 /usr/lib/gcc/riscv64-elf/16.2.0/rv32i/ilp32/libgcc.a(div.o)

.debug_aranges  0x00000000       0x20
 .debug_aranges
                0x00000000       0x20 /usr/lib/gcc/riscv64-elf/16.2.0/rv32i/ilp32/libgcc.a(div.o)

.debug_str      0x00000000       0xc1
 .debug_str     0x00000000       0xc1 /usr/lib/gcc/riscv64-elf/16.2.0/rv32i/ilp32/libgcc.a(div.o)
                                 0xcb (size before relaxing)
