Archive member included to satisfy reference by file (symbol)

libtsn.a(adp.c.obj)           (--whole-archive)
libtsn.a(acmp.c.obj)          (--whole-archive)
libtsn.a(maap.c.obj)          (--whole-archive)
/usr/lib/gcc/riscv64-elf/16.2.0/rv32i/ilp32/libgcc.a(muldi3.o)
                              libtsn.a(adp.c.obj) (__mulsi3)
/usr/lib/gcc/riscv64-elf/16.2.0/rv32i/ilp32/libgcc.a(div.o)
                              libtsn.a(maap.c.obj) (__umodsi3)

Merging object attributes


There are no discarded input sections

Memory Configuration

Name             Origin             Length             Attributes
ram              0x80000000         0x08000000         xrw
*default*        0x00000000         0xffffffff

Linker script and memory map

LOAD CMakeFiles/rv32_smoke.dir/examples/rv32/smoke.c.obj
LOAD CMakeFiles/rv32_smoke.dir/examples/rv32/runtime.c.obj
LOAD CMakeFiles/rv32_smoke.dir/examples/rv32/start.S.obj
LOAD libtsn.a
LOAD /usr/lib/gcc/riscv64-elf/16.2.0/rv32i/ilp32/libgcc.a

.text           0x80000000     0x8a58
 *(.text.start)
 .text.start    0x80000000       0x38 CMakeFiles/rv32_smoke.dir/examples/rv32/start.S.obj
                0x80000000                _start
 *(.text .text.*)
 .text          0x80000038     0x1334 CMakeFiles/rv32_smoke.dir/examples/rv32/smoke.c.obj
                0x8000130c                main
 .text          0x8000136c      0x174 CMakeFiles/rv32_smoke.dir/examples/rv32/runtime.c.obj
                0x8000136c                memset
                0x800013e0                memcpy
                0x80001464                port_exit
                0x800014b0                port_assert_failed
                0x800014c8                ctrl_reentry_assert
 .text          0x800014e0        0x0 CMakeFiles/rv32_smoke.dir/examples/rv32/start.S.obj
 .text          0x800014e0     0x1314 libtsn.a(adp.c.obj)
                0x80001794                adp_reentry_count
                0x80001a40                adp_build
                0x80002018                adp_init
                0x80002118                adp_set_current_configuration
                0x80002234                adp_set_enable
                0x80002394                adp_link_change
                0x80002464                adp_gm_change
                0x800024d8                adp_timer_expired
                0x800025ac                adp_rx
                0x80002738                adp_poll
 .text          0x800027f4     0x4988 libtsn.a(acmp.c.obj)
                0x80005ecc                acmp_init
                0x800060dc                acmp_rx
                0x800063bc                acmp_adp_rx
                0x800066a4                acmp_timer_expired
                0x8000683c                acmp_tk_registered
                0x80006938                acmp_tk_kind_changed
                0x80006a14                acmp_tk_unregistered
                0x80006afc                acmp_set_started
                0x80006bc4                acmp_poll
                0x80006d98                acmp_restore_binding
                0x80006f30                acmp_restore_rollback
                0x80006fcc                acmp_open
                0x80007018                acmp_binding_latch
                0x80007090                acmp_view
                0x80007108                acmp_change_pending
 .text          0x8000717c     0x1804 libtsn.a(maap.c.obj)
                0x80007d7c                maap_init
                0x80007e88                maap_begin
                0x8000804c                maap_release
                0x800080b4                maap_port_operational
                0x800084d4                maap_rx
                0x80008870                maap_timer_expired
                0x8000891c                maap_poll
 .text          0x80008980       0x24 /usr/lib/gcc/riscv64-elf/16.2.0/rv32i/ilp32/libgcc.a(muldi3.o)
                0x80008980                __mulsi3
 .text          0x800089a4       0xb4 /usr/lib/gcc/riscv64-elf/16.2.0/rv32i/ilp32/libgcc.a(div.o)
                0x800089a4                __divsi3
                0x800089ac                __hidden___udivsi3
                0x800089ac                __udivsi3
                0x800089f4                __umodsi3
                0x80008a28                __modsi3

.rodata         0x80008a58       0x38
 *(.rodata .rodata.*)
 .rodata        0x80008a58       0x20 CMakeFiles/rv32_smoke.dir/examples/rv32/smoke.c.obj
 .rodata        0x80008a78        0x5 libtsn.a(acmp.c.obj)
 *fill*         0x80008a7d        0x3 
 .rodata        0x80008a80       0x10 libtsn.a(maap.c.obj)

.rela.dyn       0x80008a90        0x0
 .rela.text.start
                0x80008a90        0x0 CMakeFiles/rv32_smoke.dir/examples/rv32/smoke.c.obj

.data           0x80009000        0x0
                0x80009800                        __global_pointer$ = (. + 0x800)
 *(.sdata .sdata.* .data .data.*)
 .data          0x80009000        0x0 CMakeFiles/rv32_smoke.dir/examples/rv32/smoke.c.obj
 .data          0x80009000        0x0 CMakeFiles/rv32_smoke.dir/examples/rv32/runtime.c.obj
 .data          0x80009000        0x0 CMakeFiles/rv32_smoke.dir/examples/rv32/start.S.obj
 .data          0x80009000        0x0 libtsn.a(adp.c.obj)
 .data          0x80009000        0x0 libtsn.a(acmp.c.obj)
 .data          0x80009000        0x0 libtsn.a(maap.c.obj)
 .data          0x80009000        0x0 /usr/lib/gcc/riscv64-elf/16.2.0/rv32i/ilp32/libgcc.a(muldi3.o)
 .data          0x80009000        0x0 /usr/lib/gcc/riscv64-elf/16.2.0/rv32i/ilp32/libgcc.a(div.o)

.bss            0x80009000        0x8
                0x80009000                        . = ALIGN (0x4)
                0x80009000                        __bss_start = .
 *(.sbss .sbss.* .bss .bss.* COMMON)
 .bss           0x80009000        0x0 CMakeFiles/rv32_smoke.dir/examples/rv32/smoke.c.obj
 .bss           0x80009000        0x0 CMakeFiles/rv32_smoke.dir/examples/rv32/runtime.c.obj
 .bss           0x80009000        0x0 CMakeFiles/rv32_smoke.dir/examples/rv32/start.S.obj
 .bss           0x80009000        0x8 libtsn.a(adp.c.obj)
 .bss           0x80009008        0x0 libtsn.a(acmp.c.obj)
 .bss           0x80009008        0x0 libtsn.a(maap.c.obj)
 .bss           0x80009008        0x0 /usr/lib/gcc/riscv64-elf/16.2.0/rv32i/ilp32/libgcc.a(muldi3.o)
 .bss           0x80009008        0x0 /usr/lib/gcc/riscv64-elf/16.2.0/rv32i/ilp32/libgcc.a(div.o)
                0x80009008                        . = ALIGN (0x4)
                0x80009008                        __bss_end = .

.stack          0x80009008    0x10008
                0x80009010                        . = ALIGN (0x10)
 *fill*         0x80009008        0x8 
                0x80019010                        . = (. + 0x10000)
 *fill*         0x80009010    0x10000 
                0x80019010                        __stack_top = .
OUTPUT(rv32_smoke.elf elf32-littleriscv)

.debug_info     0x00000000     0x5035
 .debug_info    0x00000000     0x17cc CMakeFiles/rv32_smoke.dir/examples/rv32/smoke.c.obj
 .debug_info    0x000017cc      0x1eb CMakeFiles/rv32_smoke.dir/examples/rv32/runtime.c.obj
 .debug_info    0x000019b7       0x24 CMakeFiles/rv32_smoke.dir/examples/rv32/start.S.obj
 .debug_info    0x000019db      0x993 libtsn.a(adp.c.obj)
 .debug_info    0x0000236e     0x21db libtsn.a(acmp.c.obj)
 .debug_info    0x00004549      0xa5c libtsn.a(maap.c.obj)
 .debug_info    0x00004fa5       0x31 /usr/lib/gcc/riscv64-elf/16.2.0/rv32i/ilp32/libgcc.a(muldi3.o)
 .debug_info    0x00004fd6       0x5f /usr/lib/gcc/riscv64-elf/16.2.0/rv32i/ilp32/libgcc.a(div.o)

.debug_abbrev   0x00000000      0xd8d
 .debug_abbrev  0x00000000      0x2f3 CMakeFiles/rv32_smoke.dir/examples/rv32/smoke.c.obj
 .debug_abbrev  0x000002f3      0x110 CMakeFiles/rv32_smoke.dir/examples/rv32/runtime.c.obj
 .debug_abbrev  0x00000403       0x14 CMakeFiles/rv32_smoke.dir/examples/rv32/start.S.obj
 .debug_abbrev  0x00000417      0x2a6 libtsn.a(adp.c.obj)
 .debug_abbrev  0x000006bd      0x3b9 libtsn.a(acmp.c.obj)
 .debug_abbrev  0x00000a76      0x2c7 libtsn.a(maap.c.obj)
 .debug_abbrev  0x00000d3d       0x28 /usr/lib/gcc/riscv64-elf/16.2.0/rv32i/ilp32/libgcc.a(muldi3.o)
 .debug_abbrev  0x00000d65       0x28 /usr/lib/gcc/riscv64-elf/16.2.0/rv32i/ilp32/libgcc.a(div.o)

.debug_aranges  0x00000000      0x100
 .debug_aranges
                0x00000000       0x20 CMakeFiles/rv32_smoke.dir/examples/rv32/smoke.c.obj
 .debug_aranges
                0x00000020       0x20 CMakeFiles/rv32_smoke.dir/examples/rv32/runtime.c.obj
 .debug_aranges
                0x00000040       0x20 CMakeFiles/rv32_smoke.dir/examples/rv32/start.S.obj
 .debug_aranges
                0x00000060       0x20 libtsn.a(adp.c.obj)
 .debug_aranges
                0x00000080       0x20 libtsn.a(acmp.c.obj)
 .debug_aranges
                0x000000a0       0x20 libtsn.a(maap.c.obj)
 .debug_aranges
                0x000000c0       0x20 /usr/lib/gcc/riscv64-elf/16.2.0/rv32i/ilp32/libgcc.a(muldi3.o)
 .debug_aranges
                0x000000e0       0x20 /usr/lib/gcc/riscv64-elf/16.2.0/rv32i/ilp32/libgcc.a(div.o)

.debug_line     0x00000000     0x5e23
 .debug_line    0x00000000      0xaf3 CMakeFiles/rv32_smoke.dir/examples/rv32/smoke.c.obj
 .debug_line    0x00000af3      0x1ac CMakeFiles/rv32_smoke.dir/examples/rv32/runtime.c.obj
 .debug_line    0x00000c9f       0x7e CMakeFiles/rv32_smoke.dir/examples/rv32/start.S.obj
 .debug_line    0x00000d1d      0xe3c libtsn.a(adp.c.obj)
 .debug_line    0x00001b59     0x30dd libtsn.a(acmp.c.obj)
 .debug_line    0x00004c36     0x1020 libtsn.a(maap.c.obj)
 .debug_line    0x00005c56       0x7a /usr/lib/gcc/riscv64-elf/16.2.0/rv32i/ilp32/libgcc.a(muldi3.o)
 .debug_line    0x00005cd0      0x153 /usr/lib/gcc/riscv64-elf/16.2.0/rv32i/ilp32/libgcc.a(div.o)

.debug_str      0x00000000     0x1159
 .debug_str     0x00000000     0x1159 CMakeFiles/rv32_smoke.dir/examples/rv32/smoke.c.obj
                                0xc52 (size before relaxing)
 .debug_str     0x00001159        0x0 CMakeFiles/rv32_smoke.dir/examples/rv32/runtime.c.obj
                                0x174 (size before relaxing)
 .debug_str     0x00001159        0x0 CMakeFiles/rv32_smoke.dir/examples/rv32/start.S.obj
                                 0x7c (size before relaxing)
 .debug_str     0x00001159        0x0 libtsn.a(adp.c.obj)
                                0x52f (size before relaxing)
 .debug_str     0x00001159        0x0 libtsn.a(acmp.c.obj)
                                0xb2f (size before relaxing)
 .debug_str     0x00001159        0x0 libtsn.a(maap.c.obj)
                                0x452 (size before relaxing)
 .debug_str     0x00001159        0x0 /usr/lib/gcc/riscv64-elf/16.2.0/rv32i/ilp32/libgcc.a(muldi3.o)
                                 0x9e (size before relaxing)
 .debug_str     0x00001159        0x0 /usr/lib/gcc/riscv64-elf/16.2.0/rv32i/ilp32/libgcc.a(div.o)
                                 0xcb (size before relaxing)

.debug_line_str
                0x00000000      0x2d8
 .debug_line_str
                0x00000000      0x2d8 CMakeFiles/rv32_smoke.dir/examples/rv32/smoke.c.obj
                                0x1a8 (size before relaxing)
 .debug_line_str
                0x000002d8        0x0 CMakeFiles/rv32_smoke.dir/examples/rv32/runtime.c.obj
                                0x12c (size before relaxing)
 .debug_line_str
                0x000002d8        0x0 CMakeFiles/rv32_smoke.dir/examples/rv32/start.S.obj
                                 0x70 (size before relaxing)
 .debug_line_str
                0x000002d8        0x0 libtsn.a(adp.c.obj)
                                0x189 (size before relaxing)
 .debug_line_str
                0x000002d8        0x0 libtsn.a(acmp.c.obj)
                                0x184 (size before relaxing)
 .debug_line_str
                0x000002d8        0x0 libtsn.a(maap.c.obj)
                                0x18d (size before relaxing)
 .debug_line_str
                0x000002d8        0x0 /usr/lib/gcc/riscv64-elf/16.2.0/rv32i/ilp32/libgcc.a(muldi3.o)
                                 0x87 (size before relaxing)
 .debug_line_str
                0x000002d8        0x0 /usr/lib/gcc/riscv64-elf/16.2.0/rv32i/ilp32/libgcc.a(div.o)
                                 0x84 (size before relaxing)

.comment        0x00000000       0x26
 .comment       0x00000000       0x26 CMakeFiles/rv32_smoke.dir/examples/rv32/smoke.c.obj
                                 0x27 (size before relaxing)
 .comment       0x00000026        0x0 CMakeFiles/rv32_smoke.dir/examples/rv32/runtime.c.obj
                                 0x27 (size before relaxing)
 .comment       0x00000026        0x0 libtsn.a(adp.c.obj)
                                 0x27 (size before relaxing)
 .comment       0x00000026        0x0 libtsn.a(acmp.c.obj)
                                 0x27 (size before relaxing)
 .comment       0x00000026        0x0 libtsn.a(maap.c.obj)
                                 0x27 (size before relaxing)

.note.GNU-stack
                0x00000000        0x0
 .note.GNU-stack
                0x00000000        0x0 CMakeFiles/rv32_smoke.dir/examples/rv32/smoke.c.obj
 .note.GNU-stack
                0x00000000        0x0 CMakeFiles/rv32_smoke.dir/examples/rv32/runtime.c.obj
 .note.GNU-stack
                0x00000000        0x0 libtsn.a(adp.c.obj)
 .note.GNU-stack
                0x00000000        0x0 libtsn.a(acmp.c.obj)
 .note.GNU-stack
                0x00000000        0x0 libtsn.a(maap.c.obj)

.riscv.attributes
                0x00000000       0x1c
 .riscv.attributes
                0x00000000       0x1c CMakeFiles/rv32_smoke.dir/examples/rv32/smoke.c.obj
 .riscv.attributes
                0x0000001c       0x1c CMakeFiles/rv32_smoke.dir/examples/rv32/runtime.c.obj
 .riscv.attributes
                0x00000038       0x1a CMakeFiles/rv32_smoke.dir/examples/rv32/start.S.obj
 .riscv.attributes
                0x00000052       0x1c libtsn.a(adp.c.obj)
 .riscv.attributes
                0x0000006e       0x1c libtsn.a(acmp.c.obj)
 .riscv.attributes
                0x0000008a       0x1c libtsn.a(maap.c.obj)
 .riscv.attributes
                0x000000a6       0x1a /usr/lib/gcc/riscv64-elf/16.2.0/rv32i/ilp32/libgcc.a(muldi3.o)
 .riscv.attributes
                0x000000c0       0x1a /usr/lib/gcc/riscv64-elf/16.2.0/rv32i/ilp32/libgcc.a(div.o)

.debug_frame    0x00000000     0x19ec
 .debug_frame   0x00000000      0x390 CMakeFiles/rv32_smoke.dir/examples/rv32/smoke.c.obj
 .debug_frame   0x00000390       0xb4 CMakeFiles/rv32_smoke.dir/examples/rv32/runtime.c.obj
 .debug_frame   0x00000444      0x428 libtsn.a(adp.c.obj)
 .debug_frame   0x0000086c      0xce0 libtsn.a(acmp.c.obj)
 .debug_frame   0x0000154c      0x4a0 libtsn.a(maap.c.obj)
