2026-10-09T13:48:57.4583959Z db950cfa959f501932a47d4113733a671f882a83
2026-10-09T13:48:57.4851918Z HEAD is now at db950cf Merge main for the privacy gate fix
2026-10-09T13:48:57.4911883Z db950cfa959f501932a47d4113733a671f882a83
2026-10-09T13:49:47.3396129Z boundary: rc 0
2026-10-09T13:49:48.3876501Z needles: rc 0
2026-10-09T13:49:58.7849791Z assertion-templates: rc 0
2026-10-09T13:50:10.8323281Z dependencies: rc 0
2026-10-09T13:50:26.0008887Z comments: rc 0
2026-10-09T13:50:40.6925825Z conditionals: rc 0
2026-10-09T13:50:40.8062401Z port-contracts: rc 0
2026-10-09T13:50:43.5322177Z registration-controls: rc 0
2026-10-09T13:50:43.5766570Z license: rc 0
2026-10-09T13:50:55.4311491Z traceability: rc 0
2026-10-09T13:50:56.4853100Z test-inventory: rc 0
2026-10-09T13:50:56.5447129Z coverage-controls: rc 0
2026-10-09T13:50:56.5761488Z privacy-selftest: rc 0
2026-10-09T13:50:57.5361492Z privacy: rc 0
2026-10-09T13:50:58.3842272Z gcc-configure: rc 0
2026-10-09T13:50:58.9811044Z clang-sanitizers-configure: rc 0
2026-10-09T13:51:27.9861082Z gcc-build: rc 0
2026-10-09T13:51:28.3321051Z gcc-test: rc 0
2026-10-09T13:51:28.7220979Z coverage: rc 0
2026-10-09T13:51:31.5500911Z clang-sanitizers-build: rc 0
2026-10-09T13:51:32.6551192Z clang-sanitizers-test: rc 0
2026-10-09T13:52:26.0834806Z mutation: rc 0
2026-10-09T13:52:27.2858902Z static-analysis: rc 0
2026-10-09T13:52:44.3866537Z mutation-controls: rc 0
2026-10-09T13:52:46.7757948Z graphs: rc 0
