[
  {
    "configuration": "Debug",
    "rc": 0,
    "elf_sha256": "4f71962849a6b6ba6e0d6f9e9b4f24f28cc08bdb3b5974e0ca16bf68ea7686f6",
    "elf_bytes": 103332,
    "core_objects": {
      "adp.c": "5bca0bfa1f3763f353fde0f148c94faf0b7fa92c297511944409a8642122cd0d",
      "acmp.c": "5053eb68fd29df2bdff00626dad69afa96a6df162be2386452b806a4470dde73",
      "maap.c": "f55d31af9fe60011914c0df46311041edbc40fc952c9bf1852100ac924ef626f"
    },
    "core_imports": [
      "__mulsi3",
      "__umodsi3",
      "ctrl_reentry_assert",
      "memcpy",
      "memset",
      "port_assert_failed"
    ],
    "unresolved_final": [],
    "smoke": "ADP discovery and backpressure; ACMP restore and rollback; MAAP timers and range bounds"
  },
  {
    "configuration": "Release",
    "rc": 0,
    "elf_sha256": "1505b5a1c1da924abe7855fc7c4e71e19b72cbc1937cc5c301e58bdf1a0db1f0",
    "elf_bytes": 36264,
    "core_objects": {
      "adp.c": "31e8d3486aa9fc1bb52bd8e54828f039ae96b2fd04f61f7800daa8377d922425",
      "acmp.c": "56b0c8d698c884ebc9b0732a24edd1f269473e5e0610a0170c647726f218413f",
      "maap.c": "f04b053968b267848c4752d65f1675fca061d9f8aed7e9165885f2b097be0ce8"
    },
    "core_imports": [
      "__umodsi3",
      "ctrl_reentry_assert",
      "memcpy",
      "memset"
    ],
    "unresolved_final": [],
    "smoke": "ADP discovery and backpressure; ACMP restore and rollback; MAAP timers and range bounds"
  }
]
