test_ax7101_mapping (__main__.EntityTests.test_ax7101_mapping) ... ok
test_dropped_required_fields (__main__.EntityTests.test_dropped_required_fields) ... ok
test_explicit_identity_and_literal_escaping (__main__.EntityTests.test_explicit_identity_and_literal_escaping) ... ok
test_golden_bytes (__main__.EntityTests.test_golden_bytes) ... ok
test_golden_planted_drift (__main__.EntityTests.test_golden_planted_drift) ... ok
test_integer_boolean_and_float_refusals (__main__.EntityTests.test_integer_boolean_and_float_refusals) ... ok
test_invalid_cli_preserves_outputs (__main__.EntityTests.test_invalid_cli_preserves_outputs) ... ok
test_invalid_prefix (__main__.EntityTests.test_invalid_prefix) ... ok
test_mapper_plant_base_zero (__main__.EntityTests.test_mapper_plant_base_zero) ... ok
test_mapper_plant_double_underscore (__main__.EntityTests.test_mapper_plant_double_underscore) ... ok
test_mapper_plant_entity_default (__main__.EntityTests.test_mapper_plant_entity_default) ... ok
test_mapper_plant_firmware_rev_boolean (__main__.EntityTests.test_mapper_plant_firmware_rev_boolean) ... ok
test_mapper_plant_firmware_rev_negative (__main__.EntityTests.test_mapper_plant_firmware_rev_negative) ... ok
test_mapper_plant_firmware_rev_unknown (__main__.EntityTests.test_mapper_plant_firmware_rev_unknown) ... ok
test_mapper_plant_firmware_version_pointer (__main__.EntityTests.test_mapper_plant_firmware_version_pointer) ... ok
test_mapper_plant_group_default (__main__.EntityTests.test_mapper_plant_group_default) ... ok
test_mapper_plant_pin_agreement (__main__.EntityTests.test_mapper_plant_pin_agreement) ... ok
test_mapper_plant_unbounded_digits (__main__.EntityTests.test_mapper_plant_unbounded_digits) ... ok
test_mapper_plant_unknown_key_generic (__main__.EntityTests.test_mapper_plant_unknown_key_generic) ... FAIL
test_mapper_plant_unquoted_accepted (__main__.EntityTests.test_mapper_plant_unquoted_accepted) ... ok
test_mapper_plant_vendor_default (__main__.EntityTests.test_mapper_plant_vendor_default) ... ok
test_mapping_cli_compiled_identity (__main__.EntityTests.test_mapping_cli_compiled_identity) ... ok
test_mapping_default_entity_id (__main__.EntityTests.test_mapping_default_entity_id) ... ok
test_mapping_default_group_name (__main__.EntityTests.test_mapping_default_group_name) ... ok
test_mapping_default_vendor_name (__main__.EntityTests.test_mapping_default_vendor_name) ... ok
test_mapping_digit_only_entity_id (__main__.EntityTests.test_mapping_digit_only_entity_id) ... ok
test_mapping_firmware_rev_omitted (__main__.EntityTests.test_mapping_firmware_rev_omitted) ... ok
test_mapping_firmware_rev_one (__main__.EntityTests.test_mapping_firmware_rev_one) ... ok
test_mapping_firmware_rev_zero (__main__.EntityTests.test_mapping_firmware_rev_zero) ... ok
test_mapping_hex_boundaries (__main__.EntityTests.test_mapping_hex_boundaries) ... ok
test_mapping_hex_spellings (__main__.EntityTests.test_mapping_hex_spellings) ... ok
test_mapping_mac_refusals (__main__.EntityTests.test_mapping_mac_refusals) ... ok
test_mapping_mac_spellings (__main__.EntityTests.test_mapping_mac_spellings) ... ok
test_mapping_pin_precedence_and_literal_validation (__main__.EntityTests.test_mapping_pin_precedence_and_literal_validation) ... ok
test_mapping_refusals (__main__.EntityTests.test_mapping_refusals) ... ok
test_mapping_refuse_entity_capabilities_boolean (__main__.EntityTests.test_mapping_refuse_entity_capabilities_boolean) ... ok
test_mapping_refuse_entity_capabilities_double_underscore (__main__.EntityTests.test_mapping_refuse_entity_capabilities_double_underscore) ... ok
test_mapping_refuse_entity_capabilities_empty (__main__.EntityTests.test_mapping_refuse_entity_capabilities_empty) ... ok
test_mapping_refuse_entity_capabilities_extra_zero (__main__.EntityTests.test_mapping_refuse_entity_capabilities_extra_zero) ... ok
test_mapping_refuse_entity_capabilities_float (__main__.EntityTests.test_mapping_refuse_entity_capabilities_float) ... ok
test_mapping_refuse_entity_capabilities_integer (__main__.EntityTests.test_mapping_refuse_entity_capabilities_integer) ... ok
test_mapping_refuse_entity_capabilities_leading_space (__main__.EntityTests.test_mapping_refuse_entity_capabilities_leading_space) ... ok
test_mapping_refuse_entity_capabilities_leading_underscore (__main__.EntityTests.test_mapping_refuse_entity_capabilities_leading_underscore) ... ok
test_mapping_refuse_entity_capabilities_list (__main__.EntityTests.test_mapping_refuse_entity_capabilities_list) ... ok
test_mapping_refuse_entity_capabilities_mapping (__main__.EntityTests.test_mapping_refuse_entity_capabilities_mapping) ... ok
test_mapping_refuse_entity_capabilities_negative (__main__.EntityTests.test_mapping_refuse_entity_capabilities_negative) ... ok
test_mapping_refuse_entity_capabilities_newline (__main__.EntityTests.test_mapping_refuse_entity_capabilities_newline) ... ok
test_mapping_refuse_entity_capabilities_nonhex (__main__.EntityTests.test_mapping_refuse_entity_capabilities_nonhex) ... ok
test_mapping_refuse_entity_capabilities_null (__main__.EntityTests.test_mapping_refuse_entity_capabilities_null) ... ok
test_mapping_refuse_entity_capabilities_overflow (__main__.EntityTests.test_mapping_refuse_entity_capabilities_overflow) ... ok
test_mapping_refuse_entity_capabilities_prefix_only (__main__.EntityTests.test_mapping_refuse_entity_capabilities_prefix_only) ... ok
test_mapping_refuse_entity_capabilities_prefix_underscore (__main__.EntityTests.test_mapping_refuse_entity_capabilities_prefix_underscore) ... ok
test_mapping_refuse_entity_capabilities_separator (__main__.EntityTests.test_mapping_refuse_entity_capabilities_separator) ... ok
test_mapping_refuse_entity_capabilities_sign (__main__.EntityTests.test_mapping_refuse_entity_capabilities_sign) ... ok
test_mapping_refuse_entity_capabilities_trailing_space (__main__.EntityTests.test_mapping_refuse_entity_capabilities_trailing_space) ... ok
test_mapping_refuse_entity_capabilities_trailing_underscore (__main__.EntityTests.test_mapping_refuse_entity_capabilities_trailing_underscore) ... ok
test_mapping_refuse_entity_capabilities_unicode (__main__.EntityTests.test_mapping_refuse_entity_capabilities_unicode) ... ok
test_mapping_refuse_entity_capabilities_wide_underscores (__main__.EntityTests.test_mapping_refuse_entity_capabilities_wide_underscores) ... ok
test_mapping_refuse_entity_id_boolean (__main__.EntityTests.test_mapping_refuse_entity_id_boolean) ... ok
test_mapping_refuse_entity_id_double_underscore (__main__.EntityTests.test_mapping_refuse_entity_id_double_underscore) ... ok
test_mapping_refuse_entity_id_empty (__main__.EntityTests.test_mapping_refuse_entity_id_empty) ... ok
test_mapping_refuse_entity_id_extra_zero (__main__.EntityTests.test_mapping_refuse_entity_id_extra_zero) ... ok
test_mapping_refuse_entity_id_float (__main__.EntityTests.test_mapping_refuse_entity_id_float) ... ok
test_mapping_refuse_entity_id_integer (__main__.EntityTests.test_mapping_refuse_entity_id_integer) ... ok
test_mapping_refuse_entity_id_leading_space (__main__.EntityTests.test_mapping_refuse_entity_id_leading_space) ... ok
test_mapping_refuse_entity_id_leading_underscore (__main__.EntityTests.test_mapping_refuse_entity_id_leading_underscore) ... ok
test_mapping_refuse_entity_id_list (__main__.EntityTests.test_mapping_refuse_entity_id_list) ... ok
test_mapping_refuse_entity_id_mapping (__main__.EntityTests.test_mapping_refuse_entity_id_mapping) ... ok
test_mapping_refuse_entity_id_negative (__main__.EntityTests.test_mapping_refuse_entity_id_negative) ... ok
test_mapping_refuse_entity_id_newline (__main__.EntityTests.test_mapping_refuse_entity_id_newline) ... ok
test_mapping_refuse_entity_id_nonhex (__main__.EntityTests.test_mapping_refuse_entity_id_nonhex) ... ok
test_mapping_refuse_entity_id_null (__main__.EntityTests.test_mapping_refuse_entity_id_null) ... ok
test_mapping_refuse_entity_id_overflow (__main__.EntityTests.test_mapping_refuse_entity_id_overflow) ... ok
test_mapping_refuse_entity_id_prefix_only (__main__.EntityTests.test_mapping_refuse_entity_id_prefix_only) ... ok
test_mapping_refuse_entity_id_prefix_underscore (__main__.EntityTests.test_mapping_refuse_entity_id_prefix_underscore) ... ok
test_mapping_refuse_entity_id_separator (__main__.EntityTests.test_mapping_refuse_entity_id_separator) ... ok
test_mapping_refuse_entity_id_sign (__main__.EntityTests.test_mapping_refuse_entity_id_sign) ... ok
test_mapping_refuse_entity_id_trailing_space (__main__.EntityTests.test_mapping_refuse_entity_id_trailing_space) ... ok
test_mapping_refuse_entity_id_trailing_underscore (__main__.EntityTests.test_mapping_refuse_entity_id_trailing_underscore) ... ok
test_mapping_refuse_entity_id_unicode (__main__.EntityTests.test_mapping_refuse_entity_id_unicode) ... ok
test_mapping_refuse_entity_id_wide_underscores (__main__.EntityTests.test_mapping_refuse_entity_id_wide_underscores) ... ok
test_mapping_refuse_entity_model_id_boolean (__main__.EntityTests.test_mapping_refuse_entity_model_id_boolean) ... ok
test_mapping_refuse_entity_model_id_double_underscore (__main__.EntityTests.test_mapping_refuse_entity_model_id_double_underscore) ... ok
test_mapping_refuse_entity_model_id_empty (__main__.EntityTests.test_mapping_refuse_entity_model_id_empty) ... ok
test_mapping_refuse_entity_model_id_extra_zero (__main__.EntityTests.test_mapping_refuse_entity_model_id_extra_zero) ... ok
test_mapping_refuse_entity_model_id_float (__main__.EntityTests.test_mapping_refuse_entity_model_id_float) ... ok
test_mapping_refuse_entity_model_id_integer (__main__.EntityTests.test_mapping_refuse_entity_model_id_integer) ... ok
test_mapping_refuse_entity_model_id_leading_space (__main__.EntityTests.test_mapping_refuse_entity_model_id_leading_space) ... ok
test_mapping_refuse_entity_model_id_leading_underscore (__main__.EntityTests.test_mapping_refuse_entity_model_id_leading_underscore) ... ok
test_mapping_refuse_entity_model_id_list (__main__.EntityTests.test_mapping_refuse_entity_model_id_list) ... ok
test_mapping_refuse_entity_model_id_mapping (__main__.EntityTests.test_mapping_refuse_entity_model_id_mapping) ... ok
test_mapping_refuse_entity_model_id_negative (__main__.EntityTests.test_mapping_refuse_entity_model_id_negative) ... ok
test_mapping_refuse_entity_model_id_newline (__main__.EntityTests.test_mapping_refuse_entity_model_id_newline) ... ok
test_mapping_refuse_entity_model_id_nonhex (__main__.EntityTests.test_mapping_refuse_entity_model_id_nonhex) ... ok
test_mapping_refuse_entity_model_id_null (__main__.EntityTests.test_mapping_refuse_entity_model_id_null) ... ok
test_mapping_refuse_entity_model_id_overflow (__main__.EntityTests.test_mapping_refuse_entity_model_id_overflow) ... ok
test_mapping_refuse_entity_model_id_prefix_only (__main__.EntityTests.test_mapping_refuse_entity_model_id_prefix_only) ... ok
test_mapping_refuse_entity_model_id_prefix_underscore (__main__.EntityTests.test_mapping_refuse_entity_model_id_prefix_underscore) ... ok
test_mapping_refuse_entity_model_id_separator (__main__.EntityTests.test_mapping_refuse_entity_model_id_separator) ... ok
test_mapping_refuse_entity_model_id_sign (__main__.EntityTests.test_mapping_refuse_entity_model_id_sign) ... ok
test_mapping_refuse_entity_model_id_trailing_space (__main__.EntityTests.test_mapping_refuse_entity_model_id_trailing_space) ... ok
test_mapping_refuse_entity_model_id_trailing_underscore (__main__.EntityTests.test_mapping_refuse_entity_model_id_trailing_underscore) ... ok
test_mapping_refuse_entity_model_id_unicode (__main__.EntityTests.test_mapping_refuse_entity_model_id_unicode) ... ok
test_mapping_refuse_entity_model_id_wide_underscores (__main__.EntityTests.test_mapping_refuse_entity_model_id_wide_underscores) ... ok
test_mapping_refuse_firmware_rev_boolean (__main__.EntityTests.test_mapping_refuse_firmware_rev_boolean) ... ok
test_mapping_refuse_firmware_rev_false (__main__.EntityTests.test_mapping_refuse_firmware_rev_false) ... ok
test_mapping_refuse_firmware_rev_float (__main__.EntityTests.test_mapping_refuse_firmware_rev_float) ... ok
test_mapping_refuse_firmware_rev_negative (__main__.EntityTests.test_mapping_refuse_firmware_rev_negative) ... ok
test_mapping_refuse_firmware_rev_null (__main__.EntityTests.test_mapping_refuse_firmware_rev_null) ... ok
test_mapping_refuse_firmware_rev_string (__main__.EntityTests.test_mapping_refuse_firmware_rev_string) ... ok
test_mapping_refuse_firmware_version (__main__.EntityTests.test_mapping_refuse_firmware_version) ... ok
test_mapping_refuse_model_id_pin_boolean (__main__.EntityTests.test_mapping_refuse_model_id_pin_boolean) ... ok
test_mapping_refuse_model_id_pin_double_underscore (__main__.EntityTests.test_mapping_refuse_model_id_pin_double_underscore) ... ok
test_mapping_refuse_model_id_pin_empty (__main__.EntityTests.test_mapping_refuse_model_id_pin_empty) ... ok
test_mapping_refuse_model_id_pin_extra_zero (__main__.EntityTests.test_mapping_refuse_model_id_pin_extra_zero) ... ok
test_mapping_refuse_model_id_pin_float (__main__.EntityTests.test_mapping_refuse_model_id_pin_float) ... ok
test_mapping_refuse_model_id_pin_integer (__main__.EntityTests.test_mapping_refuse_model_id_pin_integer) ... ok
test_mapping_refuse_model_id_pin_leading_space (__main__.EntityTests.test_mapping_refuse_model_id_pin_leading_space) ... ok
test_mapping_refuse_model_id_pin_leading_underscore (__main__.EntityTests.test_mapping_refuse_model_id_pin_leading_underscore) ... ok
test_mapping_refuse_model_id_pin_list (__main__.EntityTests.test_mapping_refuse_model_id_pin_list) ... ok
test_mapping_refuse_model_id_pin_mapping (__main__.EntityTests.test_mapping_refuse_model_id_pin_mapping) ... ok
test_mapping_refuse_model_id_pin_negative (__main__.EntityTests.test_mapping_refuse_model_id_pin_negative) ... ok
test_mapping_refuse_model_id_pin_newline (__main__.EntityTests.test_mapping_refuse_model_id_pin_newline) ... ok
test_mapping_refuse_model_id_pin_nonhex (__main__.EntityTests.test_mapping_refuse_model_id_pin_nonhex) ... ok
test_mapping_refuse_model_id_pin_null (__main__.EntityTests.test_mapping_refuse_model_id_pin_null) ... ok
test_mapping_refuse_model_id_pin_overflow (__main__.EntityTests.test_mapping_refuse_model_id_pin_overflow) ... ok
test_mapping_refuse_model_id_pin_prefix_only (__main__.EntityTests.test_mapping_refuse_model_id_pin_prefix_only) ... ok
test_mapping_refuse_model_id_pin_prefix_underscore (__main__.EntityTests.test_mapping_refuse_model_id_pin_prefix_underscore) ... ok
test_mapping_refuse_model_id_pin_separator (__main__.EntityTests.test_mapping_refuse_model_id_pin_separator) ... ok
test_mapping_refuse_model_id_pin_sign (__main__.EntityTests.test_mapping_refuse_model_id_pin_sign) ... ok
test_mapping_refuse_model_id_pin_trailing_space (__main__.EntityTests.test_mapping_refuse_model_id_pin_trailing_space) ... ok
test_mapping_refuse_model_id_pin_trailing_underscore (__main__.EntityTests.test_mapping_refuse_model_id_pin_trailing_underscore) ... ok
test_mapping_refuse_model_id_pin_unicode (__main__.EntityTests.test_mapping_refuse_model_id_pin_unicode) ... ok
test_mapping_refuse_model_id_pin_wide_underscores (__main__.EntityTests.test_mapping_refuse_model_id_pin_wide_underscores) ... ok
test_mapping_refuse_unknown_entity_key (__main__.EntityTests.test_mapping_refuse_unknown_entity_key) ... FAIL
test_mapping_refuse_vendor_oui_boolean (__main__.EntityTests.test_mapping_refuse_vendor_oui_boolean) ... ok
test_mapping_refuse_vendor_oui_double_underscore (__main__.EntityTests.test_mapping_refuse_vendor_oui_double_underscore) ... ok
test_mapping_refuse_vendor_oui_empty (__main__.EntityTests.test_mapping_refuse_vendor_oui_empty) ... ok
test_mapping_refuse_vendor_oui_extra_zero (__main__.EntityTests.test_mapping_refuse_vendor_oui_extra_zero) ... ok
test_mapping_refuse_vendor_oui_float (__main__.EntityTests.test_mapping_refuse_vendor_oui_float) ... ok
test_mapping_refuse_vendor_oui_integer (__main__.EntityTests.test_mapping_refuse_vendor_oui_integer) ... ok
test_mapping_refuse_vendor_oui_leading_space (__main__.EntityTests.test_mapping_refuse_vendor_oui_leading_space) ... ok
test_mapping_refuse_vendor_oui_leading_underscore (__main__.EntityTests.test_mapping_refuse_vendor_oui_leading_underscore) ... ok
test_mapping_refuse_vendor_oui_list (__main__.EntityTests.test_mapping_refuse_vendor_oui_list) ... ok
test_mapping_refuse_vendor_oui_mapping (__main__.EntityTests.test_mapping_refuse_vendor_oui_mapping) ... ok
test_mapping_refuse_vendor_oui_negative (__main__.EntityTests.test_mapping_refuse_vendor_oui_negative) ... ok
test_mapping_refuse_vendor_oui_newline (__main__.EntityTests.test_mapping_refuse_vendor_oui_newline) ... ok
test_mapping_refuse_vendor_oui_nonhex (__main__.EntityTests.test_mapping_refuse_vendor_oui_nonhex) ... ok
test_mapping_refuse_vendor_oui_null (__main__.EntityTests.test_mapping_refuse_vendor_oui_null) ... ok
test_mapping_refuse_vendor_oui_overflow (__main__.EntityTests.test_mapping_refuse_vendor_oui_overflow) ... ok
test_mapping_refuse_vendor_oui_prefix_only (__main__.EntityTests.test_mapping_refuse_vendor_oui_prefix_only) ... ok
test_mapping_refuse_vendor_oui_prefix_underscore (__main__.EntityTests.test_mapping_refuse_vendor_oui_prefix_underscore) ... ok
test_mapping_refuse_vendor_oui_separator (__main__.EntityTests.test_mapping_refuse_vendor_oui_separator) ... ok
test_mapping_refuse_vendor_oui_sign (__main__.EntityTests.test_mapping_refuse_vendor_oui_sign) ... ok
test_mapping_refuse_vendor_oui_trailing_space (__main__.EntityTests.test_mapping_refuse_vendor_oui_trailing_space) ... ok
test_mapping_refuse_vendor_oui_trailing_underscore (__main__.EntityTests.test_mapping_refuse_vendor_oui_trailing_underscore) ... ok
test_mapping_refuse_vendor_oui_unicode (__main__.EntityTests.test_mapping_refuse_vendor_oui_unicode) ... ok
test_mapping_refuse_vendor_oui_wide_underscores (__main__.EntityTests.test_mapping_refuse_vendor_oui_wide_underscores) ... ok
test_mapping_reserved_models (__main__.EntityTests.test_mapping_reserved_models) ... ok
test_mapping_unprefixed_entity_id (__main__.EntityTests.test_mapping_unprefixed_entity_id) ... ok
test_missing_golden_file (__main__.EntityTests.test_missing_golden_file) ... ok
test_refuse_capability_auth (__main__.EntityTests.test_refuse_capability_auth) ... ok
test_refuse_capability_milan (__main__.EntityTests.test_refuse_capability_milan) ... ok
test_refuse_capability_range (__main__.EntityTests.test_refuse_capability_range) ... ok
test_refuse_entity_id_zero (__main__.EntityTests.test_refuse_entity_id_zero) ... ok
test_refuse_interfaces_count (__main__.EntityTests.test_refuse_interfaces_count) ... ok
test_refuse_interfaces_empty (__main__.EntityTests.test_refuse_interfaces_empty) ... ok
test_refuse_kind (__main__.EntityTests.test_refuse_kind) ... ok
test_refuse_maap_duplicate (__main__.EntityTests.test_refuse_maap_duplicate) ... ok
test_refuse_maap_interface (__main__.EntityTests.test_refuse_maap_interface) ... ok
test_refuse_maap_missing (__main__.EntityTests.test_refuse_maap_missing) ... ok
test_refuse_maap_no_outputs (__main__.EntityTests.test_refuse_maap_no_outputs) ... ok
test_refuse_maap_pool (__main__.EntityTests.test_refuse_maap_pool) ... ok
test_refuse_maap_range (__main__.EntityTests.test_refuse_maap_range) ... ok
test_refuse_mac_duplicate (__main__.EntityTests.test_refuse_mac_duplicate) ... ok
test_refuse_mac_format (__main__.EntityTests.test_refuse_mac_format) ... ok
test_refuse_mac_multicast (__main__.EntityTests.test_refuse_mac_multicast) ... ok
test_refuse_mac_zero (__main__.EntityTests.test_refuse_mac_zero) ... ok
test_refuse_missing_mac (__main__.EntityTests.test_refuse_missing_mac) ... ok
test_refuse_model_id_ones (__main__.EntityTests.test_refuse_model_id_ones) ... ok
test_refuse_name_c1_control (__main__.EntityTests.test_refuse_name_c1_control) ... ok
test_refuse_name_control (__main__.EntityTests.test_refuse_name_control) ... ok
test_refuse_name_length (__main__.EntityTests.test_refuse_name_length) ... ok
test_refuse_name_surrogate (__main__.EntityTests.test_refuse_name_surrogate) ... ok
test_refuse_name_type (__main__.EntityTests.test_refuse_name_type) ... ok
test_refuse_root_type (__main__.EntityTests.test_refuse_root_type) ... ok
test_refuse_sink_count (__main__.EntityTests.test_refuse_sink_count) ... ok
test_refuse_sink_interface (__main__.EntityTests.test_refuse_sink_interface) ... ok
test_refuse_source_count (__main__.EntityTests.test_refuse_source_count) ... ok
test_refuse_source_interface (__main__.EntityTests.test_refuse_source_interface) ... ok
test_refuse_version (__main__.EntityTests.test_refuse_version) ... ok
test_schema_header_guard (__main__.EntityTests.test_schema_header_guard) ... ok
test_unknown_fields_at_each_level (__main__.EntityTests.test_unknown_fields_at_each_level) ... ok
test_valid_boundaries (__main__.EntityTests.test_valid_boundaries) ... ok
test_yaml_integer_compatibility (__main__.EntityTests.test_yaml_integer_compatibility) ... ok
test_yaml_refusals (__main__.EntityTests.test_yaml_refusals) ... ok

======================================================================
FAIL: test_mapper_plant_unknown_key_generic (__main__.EntityTests.test_mapper_plant_unknown_key_generic)
----------------------------------------------------------------------
Traceback (most recent call last):
  File "<packet>/scratch/mutants/X5-wrong-key-named/tree/scripts/entity_selftest.py", line 481, in test
    self.assertEqual(text.count(old), 1)
    ~~~~~~~~~~~~~~~~^^^^^^^^^^^^^^^^^^^^
AssertionError: 0 != 1

======================================================================
FAIL: test_mapping_refuse_unknown_entity_key (__main__.EntityTests.test_mapping_refuse_unknown_entity_key)
----------------------------------------------------------------------
Traceback (most recent call last):
  File "<packet>/scratch/mutants/X5-wrong-key-named/tree/scripts/entity_selftest.py", line 338, in test_mapping_refuse_unknown_entity_key
    self.mapping_refuse(doc, 'milan.entity.typo: unknown field')
    ~~~~~~~~~~~~~~~~~~~^^^^^^^^^^^^^^^^^^^^^^^^^^^^^^^^^^^^^^^^^
  File "<packet>/scratch/mutants/X5-wrong-key-named/tree/scripts/entity_selftest.py", line 208, in mapping_refuse
    self.assertEqual(str(caught.exception), message)
    ~~~~~~~~~~~~~~~~^^^^^^^^^^^^^^^^^^^^^^^^^^^^^^^^
AssertionError: 'milan.entity.entity_capabilities: unknown field' != 'milan.entity.typo: unknown field'
- milan.entity.entity_capabilities: unknown field
?              ----  --- ^^^^^^^^^
+ milan.entity.typo: unknown field
?                 ^


----------------------------------------------------------------------
Ran 196 tests in 1.005s

FAILED (failures=2)
