2026-10-09T13:04:59.7700654Z   ref: b7c6b7ba0007aaa5791df68d30296423127b003e
2026-10-09T13:05:00.9820098Z [command]/usr/bin/git rev-parse --verify --quiet b7c6b7ba0007aaa5791df68d30296423127b003e^{object}
2026-10-09T13:05:00.9850897Z b7c6b7ba0007aaa5791df68d30296423127b003e
2026-10-09T13:05:00.9971760Z [command]/usr/bin/git checkout --progress --force b7c6b7ba0007aaa5791df68d30296423127b003e
2026-10-09T13:05:01.0105250Z Note: switching to 'b7c6b7ba0007aaa5791df68d30296423127b003e'.
2026-10-09T13:05:01.0187312Z b7c6b7ba0007aaa5791df68d30296423127b003e
2026-10-09T13:05:01.0437682Z sudo apt-get -o Acquire::Retries=3 install -y build-essential cmake clang clang-18 clang-tidy cppcheck pkg-config libgtest-dev libgmock-dev gcc-riscv64-unknown-elf
2026-10-09T13:05:05.3717210Z   cmake-data cppcheck gcc-riscv64-unknown-elf googletest libgmock-dev
2026-10-09T13:05:05.3721879Z   libgtest-dev libjsoncpp25 librhash0
2026-10-09T13:05:08.0479575Z Get:13 http://azure.archive.ubuntu.com/ubuntu noble/universe amd64 libgtest-dev amd64 1.14.0-1 [268 kB]
2026-10-09T13:05:08.1150062Z Get:14 http://azure.archive.ubuntu.com/ubuntu noble/universe amd64 libgmock-dev amd64 1.14.0-1 [135 kB]
2026-10-09T13:05:11.7632039Z Selecting previously unselected package libgtest-dev:amd64.
2026-10-09T13:05:11.7755966Z Preparing to unpack .../11-libgtest-dev_1.14.0-1_amd64.deb ...
2026-10-09T13:05:11.7764587Z Unpacking libgtest-dev:amd64 (1.14.0-1) ...
2026-10-09T13:05:11.8052880Z Selecting previously unselected package libgmock-dev:amd64.
2026-10-09T13:05:11.8175556Z Preparing to unpack .../12-libgmock-dev_1.14.0-1_amd64.deb ...
2026-10-09T13:05:11.8183757Z Unpacking libgmock-dev:amd64 (1.14.0-1) ...
2026-10-09T13:05:11.9047970Z Setting up libgtest-dev:amd64 (1.14.0-1) ...
2026-10-09T13:05:11.9068688Z Setting up libgmock-dev:amd64 (1.14.0-1) ...
2026-10-09T13:05:01.0437682Z sudo apt-get -o Acquire::Retries=3 install -y build-essential cmake clang clang-18 clang-tidy cppcheck pkg-config libgtest-dev libgmock-dev gcc-riscv64-unknown-elf
2026-10-09T13:05:05.3540036Z clang-18 is already the newest version (1:18.1.3-1ubuntu1).
