2026-10-09T14:26:55.3898055Z   ref: 663f14de4a07bb1a777282fdfc83d30fd03843d4
2026-10-09T14:26:56.7811552Z [command]/usr/bin/git rev-parse --verify --quiet 663f14de4a07bb1a777282fdfc83d30fd03843d4^{object}
2026-10-09T14:26:56.7836900Z 663f14de4a07bb1a777282fdfc83d30fd03843d4
2026-10-09T14:26:56.7960897Z [command]/usr/bin/git checkout --progress --force 663f14de4a07bb1a777282fdfc83d30fd03843d4
2026-10-09T14:26:56.8106264Z Note: switching to '663f14de4a07bb1a777282fdfc83d30fd03843d4'.
2026-10-09T14:26:56.8208180Z 663f14de4a07bb1a777282fdfc83d30fd03843d4
2026-10-09T14:27:52.5687357Z boundary: rc 0
2026-10-09T14:27:53.5012149Z needles: rc 0
2026-10-09T14:28:06.3390774Z assertion-templates: rc 0
2026-10-09T14:28:19.3121171Z dependencies: rc 0
2026-10-09T14:28:35.0758280Z comments: rc 0
2026-10-09T14:28:50.8141924Z conditionals: rc 0
2026-10-09T14:28:50.9322721Z port-contracts: rc 0
2026-10-09T14:28:54.0975759Z registration-controls: rc 0
2026-10-09T14:28:54.1459771Z license: rc 0
2026-10-09T14:29:06.1652716Z traceability: rc 0
2026-10-09T14:29:07.0918437Z test-inventory: rc 0
2026-10-09T14:29:07.1573301Z coverage-controls: rc 0
2026-10-09T14:29:07.1926948Z privacy-selftest: rc 0
2026-10-09T14:29:08.2791369Z privacy: rc 0
2026-10-09T14:29:09.1006267Z gcc-configure: rc 0
2026-10-09T14:29:10.1596184Z clang-sanitizers-configure: rc 0
2026-10-09T14:29:45.9526135Z gcc-build: rc 0
2026-10-09T14:29:46.3026229Z gcc-test: rc 0
2026-10-09T14:29:46.7405893Z coverage: rc 0
2026-10-09T14:29:49.7545800Z clang-sanitizers-build: rc 0
2026-10-09T14:29:53.4226086Z clang-sanitizers-test: rc 0
2026-10-09T14:30:49.8386138Z mutation: rc 0
2026-10-09T14:30:50.9140057Z static-analysis: rc 0
2026-10-09T14:31:10.1458336Z mutation-controls: rc 0
2026-10-09T14:31:12.7081945Z graphs: rc 0
