Checking examples/adp_port.c ...
Checking examples/rv32/runtime.c ...
Checking examples/rv32/smoke.c ...
1/6 files checked 1% done
Checking src/acmp.c ...
2/6 files checked 4% done
Checking src/adp.c ...
Checking src/maap.c ...
3/6 files checked 20% done
Checking examples/rv32/smoke.c: CTRL_REENTRY_ASSERT...
Checking src/acmp.c: CTRL_REENTRY_ASSERT...
4/6 files checked 34% done
5/6 files checked 44% done
6/6 files checked 100% done
337 warnings generated.
Suppressed 337 warnings (337 in non-user code).
Use -header-filter=.* to display errors from all non-system headers. Use -system-headers to display errors from system headers as well.
323 warnings generated.
Suppressed 323 warnings (323 in non-user code).
Use -header-filter=.* to display errors from all non-system headers. Use -system-headers to display errors from system headers as well.
337 warnings generated.
Suppressed 337 warnings (337 in non-user code).
Use -header-filter=.* to display errors from all non-system headers. Use -system-headers to display errors from system headers as well.
337 warnings generated.
Suppressed 337 warnings (337 in non-user code).
Use -header-filter=.* to display errors from all non-system headers. Use -system-headers to display errors from system headers as well.
338 warnings generated.
Suppressed 338 warnings (338 in non-user code).
Use -header-filter=.* to display errors from all non-system headers. Use -system-headers to display errors from system headers as well.
337 warnings generated.
Suppressed 337 warnings (337 in non-user code).
Use -header-filter=.* to display errors from all non-system headers. Use -system-headers to display errors from system headers as well.
