-- The C compiler identification is GNU 16.2.1
-- Detecting C compiler ABI info
-- Detecting C compiler ABI info - done
-- Check for working C compiler: /usr/bin/cc - skipped
-- Detecting C compile features
-- Detecting C compile features - done
-- The CXX compiler identification is GNU 16.2.1
-- Detecting CXX compiler ABI info
-- Detecting CXX compiler ABI info - done
-- Check for working CXX compiler: /usr/bin/c++ - skipped
-- Detecting CXX compile features
-- Detecting CXX compile features - done
-- Performing Test CMAKE_HAVE_LIBC_PTHREAD
-- Performing Test CMAKE_HAVE_LIBC_PTHREAD - Success
-- Found Threads: TRUE
-- Configuring done (0.6s)
-- Generating done (0.0s)
-- Build files have been written to: <packet>/scratch/w/registration
[  4%] Building C object CMakeFiles/tsn_test.dir/src/acmp.c.o
[  4%] Building C object CMakeFiles/tsn_test.dir/src/adp.c.o
[ 11%] Building C object CMakeFiles/tsn_debug.dir/src/maap.c.o
[ 11%] Building C object CMakeFiles/tsn_debug.dir/src/adp.c.o
[ 11%] Building C object CMakeFiles/tsn.dir/src/adp.c.o
[ 13%] Building C object CMakeFiles/entity_examples.dir/examples/entity_roundtrip.c.o
[ 16%] Building C object CMakeFiles/tsn_test.dir/src/maap.c.o
[ 18%] Building C object CMakeFiles/tsn.dir/src/acmp.c.o
[ 20%] Building C object CMakeFiles/entity_examples.dir/examples/entities/listener/entity_config.c.o
[ 23%] Building C object CMakeFiles/entity_examples.dir/examples/entities/talker/entity_config.c.o
[ 27%] Building C object CMakeFiles/entity_examples.dir/examples/entities/duplex/entity_config.c.o
[ 27%] Linking C static library libtsn_debug.a
[ 30%] Building C object CMakeFiles/entity_examples.dir/examples/entities/ax7101/entity_config.c.o
[ 32%] Building C object CMakeFiles/tsn.dir/src/maap.c.o
[ 34%] Linking C static library libentity_examples.a
[ 37%] Linking C static library libtsn_test.a
[ 39%] Linking C static library libtsn.a
[ 39%] Built target tsn_debug
[ 41%] Building CXX object CMakeFiles/maap_debug.dir/tests/test_maap_debug.cpp.o
[ 44%] Building CXX object CMakeFiles/maap_debug.dir/tests/main.cpp.o
[ 44%] Built target entity_examples
[ 46%] Building CXX object CMakeFiles/adp_debug.dir/tests/test_adp_reentry.cpp.o
[ 48%] Building CXX object CMakeFiles/adp_debug.dir/tests/main.cpp.o
[ 48%] Built target tsn_test
[ 48%] Built target tsn
[ 51%] Building CXX object CMakeFiles/acmp_tests.dir/tests/test_acmp.cpp.o
[ 55%] Building CXX object CMakeFiles/maap_tests.dir/tests/test_maap.cpp.o
[ 55%] Building CXX object CMakeFiles/adp_tests.dir/tests/test_adp.cpp.o
[ 58%] Building CXX object CMakeFiles/adp_tests.dir/tests/main.cpp.o
[ 60%] Building CXX object CMakeFiles/maap_tests.dir/tests/main.cpp.o
[ 62%] Linking CXX executable maap_debug
[ 65%] Building CXX object CMakeFiles/entity_tests.dir/tests/test_entity.cpp.o
[ 67%] Building CXX object CMakeFiles/entity_tests.dir/tests/main.cpp.o
[ 67%] Built target maap_debug
[ 69%] Building C object CMakeFiles/example_port.dir/examples/adp_port.c.o
[ 72%] Linking C static library libexample_port.a
[ 72%] Built target example_port
[ 74%] Building CXX object CMakeFiles/adp_release.dir/tests/test_adp_reentry.cpp.o
[ 76%] Building CXX object CMakeFiles/adp_release.dir/tests/main.cpp.o
[ 79%] Linking CXX executable adp_debug
[ 79%] Built target adp_debug
[ 81%] Building CXX object CMakeFiles/port_tests.dir/tests/test_port.cpp.o
[ 83%] Building CXX object CMakeFiles/port_tests.dir/tests/main.cpp.o
[ 86%] Linking CXX executable maap_tests
[ 88%] Building CXX object CMakeFiles/acmp_tests.dir/tests/main.cpp.o
[ 88%] Built target maap_tests
[ 90%] Linking CXX executable entity_tests
[ 90%] Built target entity_tests
[ 93%] Linking CXX executable adp_release
[ 93%] Built target adp_release
[ 95%] Linking CXX executable port_tests
[ 95%] Built target port_tests
[ 97%] Linking CXX executable acmp_tests
[ 97%] Built target acmp_tests
[100%] Linking CXX executable adp_tests
[100%] Built target adp_tests
traceability: unknown ID, untraced test and untested requirement controls refused
requirement control caught: missing source
requirement control caught: duplicate source
requirement control caught: unknown source
requirement control caught: changed pin
requirement control caught: moving source link
requirement control caught: moved source anchor
requirement control caught: missing origin
requirement control caught: different origin
requirement control caught: missing target
requirement control caught: empty text
requirement control caught: missing clauses
requirement control caught: unlinked clause
requirement control caught: duplicate authority
requirement control caught: unknown method
requirement control caught: missing port reason
requirement control caught: missing inspection reason
requirement control caught: missing evidence
requirement control caught: broken evidence
requirement control caught: broken contract anchor
requirement control caught: legacy exemption
requirement control caught: false exclusion
requirement control caught: orphan import
requirement control caught: unknown local ID
requirement control caught: duplicate local ID
requirement control caught: missing exclusion reason
requirement control caught: missing issue origin
requirement control caught: wrong issue origin
requirement control caught: local exemption
requirement definitions: 43 missing-row controls caught
requirement records: 28 metadata defects caught
registration: 8 binaries; 391 instances
traceability: 43 requirements; 117 test declarations
