CAUGHT reentry-uncounted
CAUGHT available-replaces-owed-departing
CAUGHT available-passes-owed-departing
CAUGHT coalesced-departing-uncounted
CAUGHT reentry-not-ignored
CAUGHT second-departing-dropped
CAUGHT departing-queue-unbounded
CAUGHT stray-expiry-drops-owed-available
CAUGHT second-shutdown-overwrites-index
CAUGHT gm-change-drops-owed-available
CAUGHT link-loss-keeps-owed-available
CAUGHT discover-drops-owed-available
CAUGHT departing-sends-zero
CAUGHT link-loss-drops-owed-departing
CAUGHT reentry-guard-removed
CAUGHT coalesce-drops-queued-departing
CAUGHT departing-keeps-index
CAUGHT coalesce-overwrites-oldest-index
CAUGHT own-discover-discarded
CAUGHT down-answers-discover
CAUGHT link-down-departs
CAUGHT shutdown-in-down-departs
CAUGHT advertise-period-wrong
CAUGHT frame-misses-config-index
CAUGHT draw-kinds-merged
CAUGHT advertise-expiry-skips-delay
CAUGHT gm-change-ignored
CAUGHT delay-ignores-link-down
CAUGHT link-up-draws-startup-kind
CAUGHT foreign-discover-answered
CAUGHT frame-sources-from-sinks
CAUGHT other-subtype-accepted
CAUGHT enable-not-idempotent
CAUGHT seed-left-at-zero
CAUGHT acmp-init-too-many-sinks
CAUGHT acmp-init-sink-interface
CAUGHT acmp-init-no-interface
CAUGHT acmp-init-source-interface
CAUGHT acmp-init-too-many-sources
CAUGHT acmp-init-reads-the-seed
CAUGHT acmp-bind-count-0
CAUGHT acmp-probe-without-fast-connect
CAUGHT acmp-nothing-persisted
CAUGHT acmp-bind-change-before-response
CAUGHT acmp-bind-starts-no-discovery
CAUGHT acmp-probe-before-response
CAUGHT acmp-no-resp-2s
CAUGHT acmp-unbind-not-persisted
CAUGHT acmp-rebind-not-persisted
CAUGHT acmp-getrx-no-fast-connect
CAUGHT acmp-streaming-wait-ignored
CAUGHT acmp-sw-read-from-fast-connect
CAUGHT acmp-unknown-sink-silent
CAUGHT acmp-getrx-no-registering-failed
CAUGHT acmp-getrx-count-unbound
CAUGHT acmp-unbind-echoes-the-talker
CAUGHT acmp-unbind-keeps-srp
CAUGHT acmp-unbind-srp-after-response
CAUGHT acmp-lock-ignored
CAUGHT acmp-unbind-keeps-discovery
CAUGHT acmp-unbind-change-before-response
CAUGHT acmp-rebind-same-reprobes
CAUGHT acmp-lock-refuses-the-holder
CAUGHT acmp-sequence-id-never-advances
CAUGHT acmp-bind-new-keeps-srp
CAUGHT acmp-get-rx-state-locked
CAUGHT acmp-bind-same-talker-is-the-same-source
CAUGHT acmp-rebind-same-keeps-the-controller
CAUGHT acmp-response-keyed-on-the-source
CAUGHT acmp-guard-talker-dropped
CAUGHT acmp-sequence-id-per-sink
CAUGHT acmp-guard-reads-the-binding
CAUGHT acmp-guard-controller-dropped
CAUGHT acmp-guard-sequence-id-dropped
CAUGHT acmp-guard-unique-id-dropped
CAUGHT acmp-no-tk-1s
CAUGHT acmp-responses-taken-outside-probing
CAUGHT acmp-vlan-masked
CAUGHT acmp-settle-swaps-stream-fields
CAUGHT acmp-failure-status-dropped
CAUGHT acmp-settle-starts-no-srp
CAUGHT acmp-failure-retries-at-200ms
CAUGHT acmp-no-duplicate
CAUGHT acmp-duplicate-takes-a-new-sequence-id
CAUGHT acmp-second-timeout-keeps-status-0
CAUGHT acmp-retry-ignores-discovery
CAUGHT acmp-retry-zeroes-the-status
CAUGHT acmp-reprobe-ignores-discovery
CAUGHT acmp-delay-resends-the-old-probe
CAUGHT acmp-no-tk-keeps-srp
CAUGHT acmp-registered-keeps-no-tk
CAUGHT acmp-registered-anywhere
CAUGHT acmp-unregistered-anywhere
CAUGHT acmp-registered-kind-dropped
CAUGHT acmp-kind-lost
CAUGHT acmp-kind-any-state
CAUGHT acmp-unregistered-keeps-srp
CAUGHT acmp-timer-port-called-every-time
CAUGHT acmp-expiry-not-consumed
CAUGHT acmp-expiry-takes-every-interface
CAUGHT acmp-timer-at-the-latest-deadline
CAUGHT acmp-zero-delay-waits
CAUGHT acmp-timer-never-stopped
CAUGHT acmp-seed-at-every-draw
CAUGHT acmp-first-owed-releases-every-change
CAUGHT acmp-rng-left-at-0
CAUGHT acmp-response-passes-an-owed-frame
CAUGHT acmp-change-not-held-for-its-response
CAUGHT acmp-poll-drains-everything
CAUGHT acmp-full-queue-acts
CAUGHT acmp-lost-probe-uncounted
CAUGHT acmp-probe-tx-any-interface
CAUGHT acmp-probe-tx-reports-asking-failed
CAUGHT acmp-unknown-source-answered
CAUGHT acmp-probe-tx-no-destination-mac-check
CAUGHT acmp-poll-newest-first
CAUGHT acmp-disconnect-always-succeeds
CAUGHT acmp-probe-tx-echoes-every-flag
CAUGHT acmp-get-tx-state-echoes-the-listener
CAUGHT acmp-short-pdu-read
CAUGHT acmp-get-tx-state-registering-failed-0
CAUGHT acmp-get-tx-state-unheld-mac
CAUGHT acmp-get-tx-connection-supported
CAUGHT acmp-every-listener-is-this-one
CAUGHT acmp-every-talker-is-this-one
CAUGHT acmp-longer-pdu-refused
CAUGHT acmp-discovered-interface-unchecked
CAUGHT acmp-valid-time-in-seconds
CAUGHT acmp-discovery-reads-no-domain
CAUGHT acmp-restart-on-a-smaller-index-only
CAUGHT acmp-discovery-reads-no-grandmaster
CAUGHT acmp-restart-raises-no-discovered
CAUGHT acmp-departing-interface-unchecked
CAUGHT acmp-restart-mismatch-keeps-aging
CAUGHT acmp-departing-taken-undiscovered
CAUGHT acmp-refresh-notes-no-index
CAUGHT acmp-departing-keeps-aging
CAUGHT acmp-no-aging
CAUGHT acmp-discovery-on-every-interface
CAUGHT acmp-discovery-on-unbound-sinks
CAUGHT acmp-grandmaster-sampled-for-the-refresh
CAUGHT acmp-reentry-unguarded
CAUGHT acmp-reentry-untrapped
CAUGHT acmp-grandmaster-sampled-per-sink
CAUGHT acmp-timer-port-unflagged
CAUGHT acmp-header-no-resp-2s
CAUGHT acmp-gptp-port-unflagged
CAUGHT acmp-send-port-unflagged
CAUGHT acmp-clock-port-unflagged
CAUGHT acmp-seed-port-unflagged
CAUGHT acmp-lock-port-unflagged
CAUGHT acmp-changed-port-unflagged
CAUGHT acmp-persist-port-unflagged
CAUGHT acmp-srp-port-unflagged
CAUGHT acmp-source-port-unflagged
CAUGHT acmp-restore-lands-in-prb-w-resp
CAUGHT acmp-restore-starts-no-discovery
CAUGHT acmp-restore-announced
CAUGHT acmp-record-flags-swapped
CAUGHT acmp-header-no-tk-5s
CAUGHT acmp-record-unique-id-little-endian
CAUGHT acmp-roll-back-keeps-the-bindings
CAUGHT acmp-restore-unique-id-little-endian
CAUGHT acmp-unbound-record-not-zero
CAUGHT acmp-started-not-saved
CAUGHT acmp-header-registering-failed-bit
CAUGHT acmp-status-not-notified
CAUGHT acmp-discovery-notifies
CAUGHT acmp-bind-reads-the-clock-twice
CAUGHT acmp-probing-status-not-notified
CAUGHT acmp-get-rx-state-reads-the-clock
CAUGHT acmp-unbind-reads-the-clock
CAUGHT acmp-talker-reads-the-clock
CAUGHT acmp-probe-response-reads-the-clock-twice
CAUGHT acmp-expiry-reads-the-clock-twice
CAUGHT acmp-available-reads-the-clock-twice
CAUGHT acmp-retry-samples-the-grandmaster
CAUGHT acmp-departing-samples-the-grandmaster
CAUGHT acmp-aging-samples-the-grandmaster
CAUGHT acmp-discovery-takes-the-first-sink
CAUGHT acmp-delay-reads-the-clock-again
CAUGHT acmp-second-no-resp-samples-the-grandmaster
CAUGHT acmp-no-tk-samples-the-grandmaster
CAUGHT acmp-new-bind-never-started
CAUGHT acmp-bind-response-always-streaming-wait
CAUGHT acmp-view-without-registering-failed
CAUGHT acmp-grandmaster-read-twice
CAUGHT acmp-discovered-probing-stays-passive
CAUGHT acmp-adp-ethertype-unchecked
CAUGHT acmp-adp-short-frame-taken
CAUGHT acmp-adp-discover-taken
CAUGHT acmp-adp-subtype-unchecked
CAUGHT acmp-frames-to-the-own-mac
CAUGHT acmp-adp-version-unchecked
CAUGHT acmp-version-unchecked
CAUGHT acmp-owed-probe-timer-runs
CAUGHT acmp-version-bits-misread
CAUGHT acmp-owed-probe-no-resp-2s
CAUGHT acmp-owed-probe-sequence-unchecked
CAUGHT acmp-owed-probe-never-starts
CAUGHT acmp-owed-probe-unnamed
CAUGHT acmp-owed-probe-names-the-next-sink
CAUGHT acmp-probe-timer-before-its-send
CAUGHT acmp-taken-probe-timer-from-the-entry-clock
CAUGHT acmp-expiry-due-at-its-first-read
CAUGHT acmp-lost-probe-held
CAUGHT acmp-held-timer-armed
CAUGHT acmp-held-timer-expires
CAUGHT acmp-stop-keeps-the-hold
CAUGHT acmp-record-flag-defines-swapped
CAUGHT acmp-longer-record-applied
CAUGHT acmp-record-valid-bit-moved
CAUGHT acmp-earliest-unsigned
CAUGHT acmp-due-unsigned
CAUGHT acmp-no-adp-due-unsigned
CAUGHT acmp-retry-deadline-saturates
CAUGHT acmp-no-resp-deadline-saturates
CAUGHT acmp-no-tk-deadline-saturates
CAUGHT acmp-no-adp-deadline-saturates
CAUGHT acmp-admit-never-called
CAUGHT acmp-delay-deadline-saturates
CAUGHT acmp-admit-on-every-entry
CAUGHT acmp-admit-ignores-another-talker
CAUGHT acmp-admit-on-interface-0
CAUGHT maap-down-start-keeps-owner
CAUGHT acmp-reset-forgets-the-admitted
CAUGHT acmp-open-does-nothing
CAUGHT acmp-admit-port-unflagged
CAUGHT maap-initial-send-absent
CAUGHT acmp-open-unguarded
CAUGHT maap-probe-count-not-decremented
CAUGHT maap-wire-version
CAUGHT maap-wire-length
CAUGHT maap-wire-source
CAUGHT maap-wire-padding
CAUGHT maap-biased-random-bucket
CAUGHT maap-numeric-mac-priority
CAUGHT maap-seed-clock-ignored
CAUGHT maap-zero-seed-sticks
CAUGHT maap-defend-multicast
CAUGHT maap-defend-echo-own-range
CAUGHT maap-intersection-too-long
CAUGHT maap-adjacent-overlaps
CAUGHT maap-defend-checks-request
CAUGHT maap-malformed-ethertype
CAUGHT maap-zero-count-conflicts
CAUGHT maap-malformed-subtype
CAUGHT maap-malformed-reserved-zero
CAUGHT maap-malformed-version
CAUGHT maap-malformed-reserved-high
CAUGHT maap-malformed-cdl-short
CAUGHT maap-malformed-cdl-truncated
CAUGHT maap-malformed-cdl-current
CAUGHT maap-malformed-source-group
CAUGHT maap-malformed-source-zero
CAUGHT maap-malformed-destination
CAUGHT maap-malformed-own-probe
CAUGHT maap-future-version-refused
CAUGHT maap-valid-minimum-refused
CAUGHT maap-range-end-off-by-one
CAUGHT maap-port-up-keeps-claim
CAUGHT maap-expiry-forgotten-on-stall
CAUGHT acmp-header-retry-2s
CAUGHT maap-release-keeps-enable
CAUGHT maap-allocation-before-commit
CAUGHT maap-poll-unbounded
CAUGHT maap-reentry-not-counted
CAUGHT maap-overflow-uncounted
CAUGHT maap-probe-announce-reordered
CAUGHT maap-release-leaves-output
CAUGHT acmp-header-valid-time-in-seconds
CAUGHT acmp-header-cdl-84
CAUGHT maap-debug-no-assert
CAUGHT maap-table-b7-1
CAUGHT maap-stall-unqueued
CAUGHT maap-table-b7-0
CAUGHT maap-table-b7-2
CAUGHT maap-table-b7-3
CAUGHT maap-table-b7-4
CAUGHT maap-table-b7-6
CAUGHT maap-table-b7-8
CAUGHT maap-table-b7-5
CAUGHT maap-table-b7-7
CAUGHT maap-table-b7-9
CAUGHT maap-table-b7-10
CAUGHT maap-table-b7-13
CAUGHT maap-table-b7-15
CAUGHT maap-table-b7-11
CAUGHT maap-table-b7-14
CAUGHT maap-table-b7-12
CAUGHT maap-table-b7-16
CAUGHT maap-table-b7-17
CAUGHT maap-allocation-seam-disconnected
CAUGHT maap-reverse-five-octets
CAUGHT maap-begin-down-forgets-range
CAUGHT maap-generic-initial-handles-conflict
CAUGHT maap-restart-reuses-range
CAUGHT maap-compare-mac-lsb-only
CAUGHT r2-saved-range-never-consumed
CAUGHT maap-generic-probe-state-defends
CAUGHT maap-generic-probe-defend-uses-priority
CAUGHT maap-generic-equal-mac-wins
CAUGHT acmp-delay-up-to-4s
CAUGHT acmp-not-authorized-is-13
CAUGHT acmp-header-listener-unknown-is-2
CAUGHT maap-retransmit-count
CAUGHT maap-constant-probe_base
CAUGHT acmp-header-version-1
CAUGHT maap-constant-probe_variation
CAUGHT maap-constant-announce_base
CAUGHT maap-constant-announce_variation
{"CAUGHT": 311, "ESCAPED": 0, "ERROR": 0}
