Note: Google Test filter = EntityYaml.AcmpRoundTrip
[==========] Running 1 test from 1 test suite.
[----------] Global test environment set-up.
[----------] 1 test from EntityYaml
[ RUN      ] EntityYaml.AcmpRoundTrip
<packet>/scratch/validation/mutations/baseline/tests/test_entity.cpp:20: Failure
Expected equality of these values:
  entity_check_acmp()
    Which is: 44
  0

TSN_MESSAGE_BEGIN_8bf99f40f14c388e22415b57e1a29a21
generated ACMP interfaces preserve binding admission routes
TSN_MESSAGE_END_03da3d1f5a21a9cf5246837074d03228


[  FAILED  ] EntityYaml.AcmpRoundTrip (0 ms)
[----------] 1 test from EntityYaml (0 ms total)

[----------] Global test environment tear-down
[==========] 1 test from 1 test suite ran. (0 ms total)
[  PASSED  ] 0 tests.
[  FAILED  ] 1 test, listed below:
[  FAILED  ] EntityYaml.AcmpRoundTrip

 1 FAILED TEST
