2026-10-09T12:45:10.9322103Z Current runner version: '2.337.0'
2026-10-09T12:45:10.9341987Z ##[group]Runner Image Provisioner
2026-10-09T12:45:10.9342595Z Hosted Compute Agent
2026-10-09T12:45:10.9342963Z Version: 20261002.596
2026-10-09T12:45:10.9343431Z Commit: c3d12f3313a95f25162a1503be624f3b0617f8c0
2026-10-09T12:45:10.9343927Z Build Date: 2026-10-02T22:28:27Z
2026-10-09T12:45:10.9344397Z Worker ID: {df3ec6ef-3515-4abc-a243-933ddbf2be17}
2026-10-09T12:45:10.9344869Z Region: centralus
2026-10-09T12:45:10.9345230Z Cloud: Azure
2026-10-09T12:45:10.9345620Z ##[endgroup]
2026-10-09T12:45:10.9346523Z ##[group]Operating System
2026-10-09T12:45:10.9346948Z Ubuntu
2026-10-09T12:45:10.9347630Z 24.04.5
2026-10-09T12:45:10.9347971Z LTS
2026-10-09T12:45:10.9348351Z ##[endgroup]
2026-10-09T12:45:10.9348735Z ##[group]Runner Image
2026-10-09T12:45:10.9349125Z Image: ubuntu-24.04
2026-10-09T12:45:10.9349536Z Version: 20261004.327.1
2026-10-09T12:45:10.9350356Z Included Software: https://github.com/actions/runner-images/blob/ubuntu24/20261004.327/images/ubuntu/Ubuntu2404-Readme.md
2026-10-09T12:45:10.9351367Z Image Release: https://github.com/actions/runner-images/releases/tag/ubuntu24%2F20261004.327
2026-10-09T12:45:10.9351954Z ##[endgroup]
2026-10-09T12:45:10.9352729Z ##[group]GITHUB_TOKEN Permissions
2026-10-09T12:45:10.9354008Z Contents: read
2026-10-09T12:45:10.9354475Z Metadata: read
2026-10-09T12:45:10.9354870Z ##[endgroup]
2026-10-09T12:45:10.9356374Z Secret source: Actions
2026-10-09T12:45:10.9356945Z Cache mode: write
2026-10-09T12:45:10.9357694Z Prepare workflow directory
2026-10-09T12:45:10.9615937Z Prepare all required actions
2026-10-09T12:45:10.9650715Z Getting action download info
2026-10-09T12:45:11.2156196Z Download action repository 'actions/checkout@11d5960a326750d5838078e36cf38b85af677262' (SHA:11d5960a326750d5838078e36cf38b85af677262)
2026-10-09T12:45:11.2915554Z Download action repository 'actions/upload-artifact@ea165f8d65b6e75b540449e92b4886f43607fa02' (SHA:ea165f8d65b6e75b540449e92b4886f43607fa02)
2026-10-09T12:45:11.5232315Z Complete job name: quality
2026-10-09T12:45:11.5705166Z ##[group]Run actions/checkout@11d5960a326750d5838078e36cf38b85af677262
2026-10-09T12:45:11.5705679Z with:
2026-10-09T12:45:11.5705921Z   fetch-depth: 0
2026-10-09T12:45:11.5706201Z   ref: 61fb7c9a523b89cb96d493c5baf9f7f866ebed85
2026-10-09T12:45:11.5706548Z   repository: kebag-logic/tsn-c-stack
2026-10-09T12:45:11.5708964Z   token: ***
2026-10-09T12:45:11.5709206Z   ssh-strict: true
2026-10-09T12:45:11.5709454Z   ssh-user: git
2026-10-09T12:45:11.5709707Z   persist-credentials: true
2026-10-09T12:45:11.5709985Z   clean: true
2026-10-09T12:45:11.5710243Z   sparse-checkout-cone-mode: true
2026-10-09T12:45:11.5710539Z   fetch-tags: false
2026-10-09T12:45:11.5710793Z   show-progress: true
2026-10-09T12:45:11.5711048Z   lfs: false
2026-10-09T12:45:11.5711286Z   submodules: false
2026-10-09T12:45:11.5711540Z   set-safe-directory: true
2026-10-09T12:45:11.5711826Z   allow-unsafe-pr-checkout: false
2026-10-09T12:45:11.5712199Z ##[endgroup]
2026-10-09T12:45:11.6387402Z Syncing repository: kebag-logic/tsn-c-stack
2026-10-09T12:45:11.6388911Z ##[group]Getting Git version info
2026-10-09T12:45:11.6389336Z Working directory is '<home-path>/work/tsn-c-stack/tsn-c-stack'
2026-10-09T12:45:11.6389901Z [command]/usr/bin/git version
2026-10-09T12:45:11.6487920Z git version 2.55.0
2026-10-09T12:45:11.6490119Z ##[endgroup]
2026-10-09T12:45:11.6495548Z Temporarily overriding HOME='<home-path>/work/_temp/529e4970-f295-4c69-bc90-3d9027ad12a3' before making global git config changes
2026-10-09T12:45:11.6496889Z Adding repository directory to the temporary git global config as a safe directory
2026-10-09T12:45:11.6498156Z [command]/usr/bin/git config --global --add safe.directory <home-path>/work/tsn-c-stack/tsn-c-stack
2026-10-09T12:45:11.6537371Z Deleting the contents of '<home-path>/work/tsn-c-stack/tsn-c-stack'
2026-10-09T12:45:11.6542828Z ##[group]Initializing the repository
2026-10-09T12:45:11.6550180Z [command]/usr/bin/git init <home-path>/work/tsn-c-stack/tsn-c-stack
2026-10-09T12:45:11.6693604Z hint: Using 'master' as the name for the initial branch. This default branch name
2026-10-09T12:45:11.6694232Z hint: will change to "main" in Git 3.0. To configure the initial branch name
2026-10-09T12:45:11.6694919Z hint: to use in all of your new repositories, which will suppress this warning,
2026-10-09T12:45:11.6695554Z hint: call:
2026-10-09T12:45:11.6695868Z hint:
2026-10-09T12:45:11.6696187Z hint: 	git config --global init.defaultBranch <name>
2026-10-09T12:45:11.6696572Z hint:
2026-10-09T12:45:11.6696897Z hint: Names commonly chosen instead of 'master' are 'main', 'trunk' and
2026-10-09T12:45:11.6697839Z hint: 'development'. The just-created branch can be renamed via this command:
2026-10-09T12:45:11.6698463Z hint:
2026-10-09T12:45:11.6698825Z hint: 	git branch -m <name>
2026-10-09T12:45:11.6699247Z hint:
2026-10-09T12:45:11.6699814Z hint: Disable this message with "git config set advice.defaultBranchName false"
2026-10-09T12:45:11.6700953Z Initialized empty Git repository in <home-path>/work/tsn-c-stack/tsn-c-stack/.git/
2026-10-09T12:45:11.6707789Z [command]/usr/bin/git remote add origin https://github.com/kebag-logic/tsn-c-stack
2026-10-09T12:45:11.6767439Z ##[endgroup]
2026-10-09T12:45:11.6768148Z ##[group]Disabling automatic garbage collection
2026-10-09T12:45:11.6771292Z [command]/usr/bin/git config --local gc.auto 0
2026-10-09T12:45:11.6802777Z ##[endgroup]
2026-10-09T12:45:11.6803396Z ##[group]Setting up auth
2026-10-09T12:45:11.6808992Z [command]/usr/bin/git config --local --name-only --get-regexp core\.sshCommand
2026-10-09T12:45:11.6839691Z [command]/usr/bin/git submodule foreach --recursive sh -c "git config --local --name-only --get-regexp 'core\.sshCommand' && git config --local --unset-all 'core.sshCommand' || :"
2026-10-09T12:45:11.7137747Z [command]/usr/bin/git config --local --name-only --get-regexp http\.https\:\/\/github\.com\/\.extraheader
2026-10-09T12:45:11.7167275Z [command]/usr/bin/git submodule foreach --recursive sh -c "git config --local --name-only --get-regexp 'http\.https\:\/\/github\.com\/\.extraheader' && git config --local --unset-all 'http.https://github.com/.extraheader' || :"
2026-10-09T12:45:11.7351643Z [command]/usr/bin/git config --local --name-only --get-regexp ^includeIf\.gitdir:
2026-10-09T12:45:11.7380725Z [command]/usr/bin/git submodule foreach --recursive git config --local --show-origin --name-only --get-regexp remote.origin.url
2026-10-09T12:45:11.7565131Z [command]/usr/bin/git config --local http.https://github.com/.extraheader AUTHORIZATION: basic ***
2026-10-09T12:45:11.7599311Z ##[endgroup]
2026-10-09T12:45:11.7599856Z ##[group]Fetching the repository
2026-10-09T12:45:11.7606037Z [command]/usr/bin/git -c protocol.version=2 fetch --prune --no-recurse-submodules origin +refs/heads/*:refs/remotes/origin/* +refs/tags/*:refs/tags/*
2026-10-09T12:45:12.3741768Z From https://github.com/kebag-logic/tsn-c-stack
2026-10-09T12:45:12.3742463Z  * [new branch]      dev-linux               -> origin/dev-linux
2026-10-09T12:45:12.3743033Z  * [new branch]      import-cores            -> origin/import-cores
2026-10-09T12:45:12.3743660Z  * [new branch]      main                    -> origin/main
2026-10-09T12:45:12.3744173Z  * [new branch]      privacy-web-flow-squash -> origin/privacy-web-flow-squash
2026-10-09T12:45:12.3744717Z  * [new branch]      review-fixes            -> origin/review-fixes
2026-10-09T12:45:12.3745302Z  * [new branch]      tsn14-review-evidence   -> origin/tsn14-review-evidence
2026-10-09T12:45:12.3751091Z [command]/usr/bin/git rev-parse --verify --quiet 61fb7c9a523b89cb96d493c5baf9f7f866ebed85^{object}
2026-10-09T12:45:12.3775458Z 61fb7c9a523b89cb96d493c5baf9f7f866ebed85
2026-10-09T12:45:12.3779120Z ##[endgroup]
2026-10-09T12:45:12.3779880Z ##[group]Determining the checkout info
2026-10-09T12:45:12.3780753Z ##[endgroup]
2026-10-09T12:45:12.3783291Z [command]/usr/bin/git sparse-checkout disable
2026-10-09T12:45:12.3827459Z [command]/usr/bin/git config --local --unset-all extensions.worktreeConfig
2026-10-09T12:45:12.3854382Z ##[group]Checking out the ref
2026-10-09T12:45:12.3856214Z [command]/usr/bin/git checkout --progress --force 61fb7c9a523b89cb96d493c5baf9f7f866ebed85
2026-10-09T12:45:12.3963260Z Note: switching to '61fb7c9a523b89cb96d493c5baf9f7f866ebed85'.
2026-10-09T12:45:12.3963937Z 
2026-10-09T12:45:12.3964325Z You are in 'detached HEAD' state. You can look around, make experimental
2026-10-09T12:45:12.3965238Z changes and commit them, and you can discard any commits you make in this
2026-10-09T12:45:12.3966169Z state without impacting any branches by switching back to a branch.
2026-10-09T12:45:12.3966612Z 
2026-10-09T12:45:12.3966836Z If you want to create a new branch to retain commits you create, you may
2026-10-09T12:45:12.3967487Z do so (now or later) by using -c with the switch command. Example:
2026-10-09T12:45:12.3967801Z 
2026-10-09T12:45:12.3967941Z   git switch -c <new-branch-name>
2026-10-09T12:45:12.3968157Z 
2026-10-09T12:45:12.3968308Z Or undo this operation with:
2026-10-09T12:45:12.3968509Z 
2026-10-09T12:45:12.3968685Z   git switch -
2026-10-09T12:45:12.3968854Z 
2026-10-09T12:45:12.3969108Z Turn off this advice by setting config variable advice.detachedHead to false
2026-10-09T12:45:12.3969473Z 
2026-10-09T12:45:12.3969757Z HEAD is now at 61fb7c9 Accept the GitHub squash identity in the privacy gate
2026-10-09T12:45:12.3972513Z ##[endgroup]
2026-10-09T12:45:12.4004969Z [command]/usr/bin/git log -1 --format=%H
2026-10-09T12:45:12.4028232Z 61fb7c9a523b89cb96d493c5baf9f7f866ebed85
2026-10-09T12:45:12.4197305Z ##[group]Run sudo apt-get -o Acquire::Retries=3 update
2026-10-09T12:45:12.4197876Z [36;1msudo apt-get -o Acquire::Retries=3 update[0m
2026-10-09T12:45:12.4198741Z [36;1msudo apt-get -o Acquire::Retries=3 install -y build-essential cmake clang clang-18 clang-tidy cppcheck pkg-config libgtest-dev libgmock-dev gcc-riscv64-unknown-elf[0m
2026-10-09T12:45:12.4199613Z [36;1mnpm install --global @mermaid-js/mermaid-cli@11.16.0[0m
2026-10-09T12:45:12.4568192Z shell: /usr/bin/bash -e {0}
2026-10-09T12:45:12.4568561Z ##[endgroup]
2026-10-09T12:45:12.5255203Z Get:1 file:/etc/apt/apt-mirrors.txt Mirrorlist [144 B]
2026-10-09T12:45:12.5680336Z Get:6 https://packages.microsoft.com/ubuntu/24.04/prod noble InRelease [3600 B]
2026-10-09T12:45:12.5805795Z Hit:2 http://azure.archive.ubuntu.com/ubuntu noble InRelease
2026-10-09T12:45:12.5814160Z Get:3 http://azure.archive.ubuntu.com/ubuntu noble-updates InRelease [126 kB]
2026-10-09T12:45:12.5831872Z Get:4 http://azure.archive.ubuntu.com/ubuntu noble-backports InRelease [126 kB]
2026-10-09T12:45:12.5854475Z Get:5 http://azure.archive.ubuntu.com/ubuntu noble-security InRelease [126 kB]
2026-10-09T12:45:12.6251209Z Get:7 https://packages.microsoft.com/ubuntu/24.04/prod noble/main arm64 Packages [475 kB]
2026-10-09T12:45:12.6378826Z Get:8 https://packages.microsoft.com/ubuntu/24.04/prod noble/main armhf Packages [12.3 kB]
2026-10-09T12:45:12.6424305Z Get:9 https://packages.microsoft.com/ubuntu/24.04/prod noble/main all Packages [640 B]
2026-10-09T12:45:12.6451311Z Get:10 https://packages.microsoft.com/ubuntu/24.04/prod noble/main amd64 Packages [531 kB]
2026-10-09T12:45:12.7012093Z Get:11 http://azure.archive.ubuntu.com/ubuntu noble-updates/main amd64 Packages [1375 kB]
2026-10-09T12:45:12.7073327Z Get:12 http://azure.archive.ubuntu.com/ubuntu noble-updates/main Translation-en [306 kB]
2026-10-09T12:45:12.7088076Z Get:13 http://azure.archive.ubuntu.com/ubuntu noble-updates/universe amd64 Packages [1702 kB]
2026-10-09T12:45:12.7143408Z Get:14 http://azure.archive.ubuntu.com/ubuntu noble-updates/universe Translation-en [342 kB]
2026-10-09T12:45:12.7159516Z Get:15 http://azure.archive.ubuntu.com/ubuntu noble-updates/restricted amd64 Packages [1761 kB]
2026-10-09T12:45:12.7219109Z Get:16 http://azure.archive.ubuntu.com/ubuntu noble-updates/restricted Translation-en [401 kB]
2026-10-09T12:45:12.7235469Z Get:17 http://azure.archive.ubuntu.com/ubuntu noble-updates/multiverse amd64 Packages [55.0 kB]
2026-10-09T12:45:12.7241852Z Get:18 http://azure.archive.ubuntu.com/ubuntu noble-updates/multiverse Translation-en [14.3 kB]
2026-10-09T12:45:12.7841396Z Get:19 http://azure.archive.ubuntu.com/ubuntu noble-security/main amd64 Packages [1121 kB]
2026-10-09T12:45:12.7880999Z Get:20 http://azure.archive.ubuntu.com/ubuntu noble-security/main Translation-en [228 kB]
2026-10-09T12:45:12.8332288Z Get:21 http://azure.archive.ubuntu.com/ubuntu noble-security/universe amd64 Packages [1220 kB]
2026-10-09T12:45:12.8380795Z Get:22 http://azure.archive.ubuntu.com/ubuntu noble-security/universe Translation-en [245 kB]
2026-10-09T12:45:12.8396726Z Get:23 http://azure.archive.ubuntu.com/ubuntu noble-security/restricted amd64 Packages [1669 kB]
2026-10-09T12:45:12.8454608Z Get:24 http://azure.archive.ubuntu.com/ubuntu noble-security/restricted Translation-en [383 kB]
2026-10-09T12:45:12.8471186Z Get:25 http://azure.archive.ubuntu.com/ubuntu noble-security/multiverse amd64 Packages [49.8 kB]
2026-10-09T12:45:12.8476664Z Get:26 http://azure.archive.ubuntu.com/ubuntu noble-security/multiverse Translation-en [12.4 kB]
2026-10-09T12:45:17.7580422Z Fetched 12.3 MB in 1s (12.2 MB/s)
2026-10-09T12:45:18.3598308Z Reading package lists...
2026-10-09T12:45:18.4121295Z Reading package lists...
2026-10-09T12:45:18.5933278Z Building dependency tree...
2026-10-09T12:45:18.5938263Z Reading state information...
2026-10-09T12:45:18.7363085Z clang-18 is already the newest version (1:18.1.3-1ubuntu1).
2026-10-09T12:45:18.7363728Z pkg-config is already the newest version (1.8.1-2build1).
2026-10-09T12:45:18.7364973Z The following additional packages will be installed:
2026-10-09T12:45:18.7370655Z   binutils-riscv64-unknown-elf cmake-data googletest libjsoncpp25 librhash0
2026-10-09T12:45:18.7377394Z Suggested packages:
2026-10-09T12:45:18.7377797Z   cmake-doc cmake-format elpa-cmake-mode ninja-build cppcheck-gui
2026-10-09T12:45:18.7541183Z The following NEW packages will be installed:
2026-10-09T12:45:18.7541604Z   binutils-riscv64-unknown-elf build-essential clang clang-tidy cmake
2026-10-09T12:45:18.7542158Z   cmake-data cppcheck gcc-riscv64-unknown-elf googletest libgmock-dev
2026-10-09T12:45:18.7545275Z   libgtest-dev libjsoncpp25 librhash0
2026-10-09T12:45:18.7688953Z 0 upgraded, 13 newly installed, 0 to remove and 23 not upgraded.
2026-10-09T12:45:18.7689427Z Need to get 68.1 MB of archives.
2026-10-09T12:45:18.7689785Z After this operation, 327 MB of additional disk space will be used.
2026-10-09T12:45:18.7690200Z Get:1 file:/etc/apt/apt-mirrors.txt Mirrorlist [144 B]
2026-10-09T12:45:18.8481440Z Get:2 http://azure.archive.ubuntu.com/ubuntu noble/universe amd64 binutils-riscv64-unknown-elf amd64 2.42-1ubuntu1+6 [2997 kB]
2026-10-09T12:45:19.1000961Z Get:3 http://azure.archive.ubuntu.com/ubuntu noble/main amd64 build-essential amd64 12.10ubuntu1 [4928 B]
2026-10-09T12:45:19.1280769Z Get:4 http://azure.archive.ubuntu.com/ubuntu noble/universe amd64 clang amd64 1:18.0-59~exp2 [5846 B]
2026-10-09T12:45:19.1562239Z Get:5 http://azure.archive.ubuntu.com/ubuntu noble/universe amd64 clang-tidy amd64 1:18.0-59~exp2 [5724 B]
2026-10-09T12:45:19.1844464Z Get:6 http://azure.archive.ubuntu.com/ubuntu noble/main amd64 libjsoncpp25 amd64 1.9.5-6build1 [82.8 kB]
2026-10-09T12:45:19.2166673Z Get:7 http://azure.archive.ubuntu.com/ubuntu noble/main amd64 librhash0 amd64 1.4.3-3build1 [129 kB]
2026-10-09T12:45:19.2489383Z Get:8 http://azure.archive.ubuntu.com/ubuntu noble/main amd64 cmake-data all 3.28.3-1build7 [2155 kB]
2026-10-09T12:45:19.2867709Z Get:9 http://azure.archive.ubuntu.com/ubuntu noble/main amd64 cmake amd64 3.28.3-1build7 [11.2 MB]
2026-10-09T12:45:19.4254775Z Get:10 http://azure.archive.ubuntu.com/ubuntu noble/universe amd64 cppcheck amd64 2.13.0-2ubuntu3 [2136 kB]
2026-10-09T12:45:19.4636468Z Get:11 http://azure.archive.ubuntu.com/ubuntu noble/universe amd64 gcc-riscv64-unknown-elf amd64 13.2.0-11ubuntu1+12 [48.4 MB]
2026-10-09T12:45:20.2168649Z Get:12 http://azure.archive.ubuntu.com/ubuntu noble/universe amd64 googletest all 1.14.0-1 [521 kB]
2026-10-09T12:45:20.2493808Z Get:13 http://azure.archive.ubuntu.com/ubuntu noble/universe amd64 libgtest-dev amd64 1.14.0-1 [268 kB]
2026-10-09T12:45:20.2809742Z Get:14 http://azure.archive.ubuntu.com/ubuntu noble/universe amd64 libgmock-dev amd64 1.14.0-1 [135 kB]
2026-10-09T12:45:20.4840477Z Fetched 68.1 MB in 2s (44.7 MB/s)
2026-10-09T12:45:20.5008963Z Selecting previously unselected package binutils-riscv64-unknown-elf.
2026-10-09T12:45:20.5255652Z (Reading database ... 
2026-10-09T12:45:20.5257522Z (Reading database ... 5%
2026-10-09T12:45:20.5275404Z (Reading database ... 10%
2026-10-09T12:45:20.5275865Z (Reading database ... 15%
2026-10-09T12:45:20.5276156Z (Reading database ... 20%
2026-10-09T12:45:20.5276410Z (Reading database ... 25%
2026-10-09T12:45:20.5276680Z (Reading database ... 30%
2026-10-09T12:45:20.5276890Z (Reading database ... 35%
2026-10-09T12:45:20.5277028Z (Reading database ... 40%
2026-10-09T12:45:20.5277294Z (Reading database ... 45%
2026-10-09T12:45:20.5277430Z (Reading database ... 50%
2026-10-09T12:45:20.5306737Z (Reading database ... 55%
2026-10-09T12:45:20.6336375Z (Reading database ... 60%
2026-10-09T12:45:20.8376768Z (Reading database ... 65%
2026-10-09T12:45:21.0254764Z (Reading database ... 70%
2026-10-09T12:45:21.1866524Z (Reading database ... 75%
2026-10-09T12:45:21.3357931Z (Reading database ... 80%
2026-10-09T12:45:21.4294246Z (Reading database ... 85%
2026-10-09T12:45:21.5310736Z (Reading database ... 90%
2026-10-09T12:45:21.6766408Z (Reading database ... 95%
2026-10-09T12:45:21.6766730Z (Reading database ... 100%
2026-10-09T12:45:21.6767548Z (Reading database ... 203191 files and directories currently installed.)
2026-10-09T12:45:21.6834318Z Preparing to unpack .../00-binutils-riscv64-unknown-elf_2.42-1ubuntu1+6_amd64.deb ...
2026-10-09T12:45:21.6869591Z Unpacking binutils-riscv64-unknown-elf (2.42-1ubuntu1+6) ...
2026-10-09T12:45:21.7922407Z Selecting previously unselected package build-essential.
2026-10-09T12:45:21.8024030Z Preparing to unpack .../01-build-essential_12.10ubuntu1_amd64.deb ...
2026-10-09T12:45:21.8076495Z Unpacking build-essential (12.10ubuntu1) ...
2026-10-09T12:45:21.8262111Z Selecting previously unselected package clang.
2026-10-09T12:45:21.8363025Z Preparing to unpack .../02-clang_1%3a18.0-59~exp2_amd64.deb ...
2026-10-09T12:45:21.8370135Z Unpacking clang (1:18.0-59~exp2) ...
2026-10-09T12:45:21.8576281Z Selecting previously unselected package clang-tidy.
2026-10-09T12:45:21.8677880Z Preparing to unpack .../03-clang-tidy_1%3a18.0-59~exp2_amd64.deb ...
2026-10-09T12:45:21.8684789Z Unpacking clang-tidy (1:18.0-59~exp2) ...
2026-10-09T12:45:21.8868950Z Selecting previously unselected package libjsoncpp25:amd64.
2026-10-09T12:45:21.8967584Z Preparing to unpack .../04-libjsoncpp25_1.9.5-6build1_amd64.deb ...
2026-10-09T12:45:21.8987474Z Unpacking libjsoncpp25:amd64 (1.9.5-6build1) ...
2026-10-09T12:45:21.9190448Z Selecting previously unselected package librhash0:amd64.
2026-10-09T12:45:21.9288873Z Preparing to unpack .../05-librhash0_1.4.3-3build1_amd64.deb ...
2026-10-09T12:45:21.9296715Z Unpacking librhash0:amd64 (1.4.3-3build1) ...
2026-10-09T12:45:21.9495519Z Selecting previously unselected package cmake-data.
2026-10-09T12:45:21.9591875Z Preparing to unpack .../06-cmake-data_3.28.3-1build7_all.deb ...
2026-10-09T12:45:21.9647960Z Unpacking cmake-data (3.28.3-1build7) ...
2026-10-09T12:45:22.3475696Z Selecting previously unselected package cmake.
2026-10-09T12:45:22.3587900Z Preparing to unpack .../07-cmake_3.28.3-1build7_amd64.deb ...
2026-10-09T12:45:22.3593955Z Unpacking cmake (3.28.3-1build7) ...
2026-10-09T12:45:22.6065055Z Selecting previously unselected package cppcheck.
2026-10-09T12:45:22.6162900Z Preparing to unpack .../08-cppcheck_2.13.0-2ubuntu3_amd64.deb ...
2026-10-09T12:45:22.6170982Z Unpacking cppcheck (2.13.0-2ubuntu3) ...
2026-10-09T12:45:22.6947758Z Selecting previously unselected package gcc-riscv64-unknown-elf.
2026-10-09T12:45:22.7046580Z Preparing to unpack .../09-gcc-riscv64-unknown-elf_13.2.0-11ubuntu1+12_amd64.deb ...
2026-10-09T12:45:22.7055669Z Unpacking gcc-riscv64-unknown-elf (13.2.0-11ubuntu1+12) ...
2026-10-09T12:45:24.3800655Z Selecting previously unselected package googletest.
2026-10-09T12:45:24.3904682Z Preparing to unpack .../10-googletest_1.14.0-1_all.deb ...
2026-10-09T12:45:24.3913451Z Unpacking googletest (1.14.0-1) ...
2026-10-09T12:45:24.4480157Z Selecting previously unselected package libgtest-dev:amd64.
2026-10-09T12:45:24.4588396Z Preparing to unpack .../11-libgtest-dev_1.14.0-1_amd64.deb ...
2026-10-09T12:45:24.4598026Z Unpacking libgtest-dev:amd64 (1.14.0-1) ...
2026-10-09T12:45:24.4846822Z Selecting previously unselected package libgmock-dev:amd64.
2026-10-09T12:45:24.4947940Z Preparing to unpack .../12-libgmock-dev_1.14.0-1_amd64.deb ...
2026-10-09T12:45:24.4956916Z Unpacking libgmock-dev:amd64 (1.14.0-1) ...
2026-10-09T12:45:24.5404931Z Setting up binutils-riscv64-unknown-elf (2.42-1ubuntu1+6) ...
2026-10-09T12:45:24.5425605Z Setting up clang-tidy (1:18.0-59~exp2) ...
2026-10-09T12:45:24.5444342Z Setting up googletest (1.14.0-1) ...
2026-10-09T12:45:24.5462261Z Setting up clang (1:18.0-59~exp2) ...
2026-10-09T12:45:24.5757638Z Setting up libjsoncpp25:amd64 (1.9.5-6build1) ...
2026-10-09T12:45:24.5776526Z Setting up cppcheck (2.13.0-2ubuntu3) ...
2026-10-09T12:45:24.5796784Z Setting up librhash0:amd64 (1.4.3-3build1) ...
2026-10-09T12:45:24.5816985Z Setting up gcc-riscv64-unknown-elf (13.2.0-11ubuntu1+12) ...
2026-10-09T12:45:24.5836343Z Setting up build-essential (12.10ubuntu1) ...
2026-10-09T12:45:24.5855110Z Setting up cmake-data (3.28.3-1build7) ...
2026-10-09T12:45:24.5910330Z Setting up libgtest-dev:amd64 (1.14.0-1) ...
2026-10-09T12:45:24.5928802Z Setting up libgmock-dev:amd64 (1.14.0-1) ...
2026-10-09T12:45:24.5946871Z Setting up cmake (3.28.3-1build7) ...
2026-10-09T12:45:24.5969631Z Processing triggers for man-db (2.12.0-4build2) ...
2026-10-09T12:45:24.5988380Z Not building database; man-db/auto-update is not 'true'.
2026-10-09T12:45:24.6000531Z Processing triggers for libc-bin (2.39-0ubuntu8.9) ...
2026-10-09T12:45:25.2599616Z 
2026-10-09T12:45:25.2600156Z Running kernel seems to be up-to-date.
2026-10-09T12:45:25.2600397Z 
2026-10-09T12:45:25.2600990Z No services need to be restarted.
2026-10-09T12:45:25.2601115Z 
2026-10-09T12:45:25.2601172Z No containers need to be restarted.
2026-10-09T12:45:25.2601276Z 
2026-10-09T12:45:25.2601346Z No user sessions are running outdated binaries.
2026-10-09T12:45:25.2601466Z 
2026-10-09T12:45:25.2601576Z No VM guests are running outdated hypervisor (qemu) binaries on this host.
2026-10-09T12:45:41.4589346Z 
2026-10-09T12:45:41.4589873Z added 190 packages in 15s
2026-10-09T12:45:41.4591728Z 
2026-10-09T12:45:41.4591960Z 22 packages are looking for funding
2026-10-09T12:45:41.5089269Z   run `npm fund` for details
2026-10-09T12:45:41.5275178Z ##[group]Run python3 scripts/validate.py --work build-validation --jobs 16 --graphs
2026-10-09T12:45:41.5275536Z [36;1mpython3 scripts/validate.py --work build-validation --jobs 16 --graphs[0m
2026-10-09T12:45:41.5332493Z shell: /usr/bin/bash -e {0}
2026-10-09T12:45:41.5332646Z ##[endgroup]
2026-10-09T12:45:54.6892795Z boundary: rc 0
2026-10-09T12:45:55.3319232Z needles: rc 0
2026-10-09T12:46:02.4268594Z assertion-templates: rc 0
2026-10-09T12:46:10.3775681Z dependencies: rc 0
2026-10-09T12:46:23.9073114Z comments: rc 0
2026-10-09T12:46:35.6465235Z conditionals: rc 0
2026-10-09T12:46:35.7090642Z port-contracts: rc 0
2026-10-09T12:46:37.8237592Z registration-controls: rc 0
2026-10-09T12:46:37.8539486Z license: rc 0
2026-10-09T12:46:46.4708688Z traceability: rc 0
2026-10-09T12:46:47.2153649Z test-inventory: rc 0
2026-10-09T12:46:47.2671783Z coverage-controls: rc 0
2026-10-09T12:46:47.2924706Z privacy-selftest: rc 0
2026-10-09T12:46:47.8306381Z privacy: rc 0
2026-10-09T12:46:48.4997416Z gcc-configure: rc 0
2026-10-09T12:46:48.9664178Z clang-sanitizers-configure: rc 0
2026-10-09T12:47:12.5078231Z gcc-build: rc 0
2026-10-09T12:47:12.8548415Z gcc-test: rc 0
2026-10-09T12:47:13.1888747Z coverage: rc 0
2026-10-09T12:47:14.9258772Z clang-sanitizers-build: rc 0
2026-10-09T12:47:18.1168121Z clang-sanitizers-test: rc 0
2026-10-09T12:47:57.0592373Z static-analysis: rc 0
2026-10-09T12:47:58.1235727Z mutation: rc 0
2026-10-09T12:48:12.8212466Z mutation-controls: rc 0
2026-10-09T12:48:14.6071852Z graphs: rc 0
2026-10-09T12:48:14.6185599Z ##[group]Run actions/upload-artifact@ea165f8d65b6e75b540449e92b4886f43607fa02
2026-10-09T12:48:14.6185838Z with:
2026-10-09T12:48:14.6185952Z   name: quality-evidence
2026-10-09T12:48:14.6186767Z   path: build-validation/*.log
build-validation/*.rc
build-validation/gates.json
build-validation/mutations/results.json
build-validation/mutations/message-markers.json
build-validation/mutations/*/*.xml
build-validation/assertion-templates/*.xml
build-validation/assertion-templates/*.log
build-validation/conditionals/results.json
build-validation/conditionals/**/*.log
build-validation/graphs/*.svg

2026-10-09T12:48:14.6187767Z   if-no-files-found: warn
2026-10-09T12:48:14.6187896Z   compression-level: 6
2026-10-09T12:48:14.6188015Z   overwrite: false
2026-10-09T12:48:14.6188135Z   include-hidden-files: false
2026-10-09T12:48:14.6188284Z ##[endgroup]
2026-10-09T12:48:14.7439380Z (node:11103) [DEP0040] DeprecationWarning: The `punycode` module is deprecated. Please use a userland alternative instead.
2026-10-09T12:48:14.7440046Z (Use `node --trace-deprecation ...` to show where the warning was created)
2026-10-09T12:48:14.9124958Z With the provided path, there will be 432 files uploaded
2026-10-09T12:48:14.9126343Z Artifact name is valid!
2026-10-09T12:48:14.9126673Z Root directory input is valid!
2026-10-09T12:48:15.2227941Z Beginning upload of artifact content to blob storage
2026-10-09T12:48:15.4172193Z (node:11103) [DEP0169] DeprecationWarning: `url.parse()` behavior is not standardized and prone to errors that have security implications. Use the WHATWG URL API instead. CVEs are not issued for `url.parse()` vulnerabilities.
2026-10-09T12:48:15.6618276Z Uploaded bytes 365965
2026-10-09T12:48:15.7008456Z Finished uploading artifact content to blob storage!
2026-10-09T12:48:15.7009301Z SHA256 digest of uploaded artifact zip is a73c95a4b7ce91cc5b56574fe5a6cfff9bc260dc816f335f2e7dcae205265e50
2026-10-09T12:48:15.7010178Z Finalizing artifact upload
2026-10-09T12:48:15.9544775Z Artifact quality-evidence.zip successfully finalized. Artifact ID 11616207481
2026-10-09T12:48:15.9545769Z Artifact quality-evidence has been successfully uploaded! Final size is 365965 bytes. Artifact ID is 11616207481
2026-10-09T12:48:15.9551364Z Artifact download URL: https://github.com/kebag-logic/tsn-c-stack/actions/runs/37932096604/artifacts/11616207481
2026-10-09T12:48:15.9777630Z Post job cleanup.
2026-10-09T12:48:16.0425759Z [command]/usr/bin/git version
2026-10-09T12:48:16.0465719Z git version 2.55.0
2026-10-09T12:48:16.0496191Z Temporarily overriding HOME='<home-path>/work/_temp/f3ecd3c8-a21b-422b-82b8-0a74a2793610' before making global git config changes
2026-10-09T12:48:16.0496923Z Adding repository directory to the temporary git global config as a safe directory
2026-10-09T12:48:16.0501108Z [command]/usr/bin/git config --global --add safe.directory <home-path>/work/tsn-c-stack/tsn-c-stack
2026-10-09T12:48:16.0545911Z [command]/usr/bin/git config --local --name-only --get-regexp core\.sshCommand
2026-10-09T12:48:16.0582999Z [command]/usr/bin/git submodule foreach --recursive sh -c "git config --local --name-only --get-regexp 'core\.sshCommand' && git config --local --unset-all 'core.sshCommand' || :"
2026-10-09T12:48:16.0807826Z [command]/usr/bin/git config --local --name-only --get-regexp http\.https\:\/\/github\.com\/\.extraheader
2026-10-09T12:48:16.0843423Z http.https://github.com/.extraheader
2026-10-09T12:48:16.0854815Z [command]/usr/bin/git config --local --unset-all http.https://github.com/.extraheader
2026-10-09T12:48:16.0896642Z [command]/usr/bin/git submodule foreach --recursive sh -c "git config --local --name-only --get-regexp 'http\.https\:\/\/github\.com\/\.extraheader' && git config --local --unset-all 'http.https://github.com/.extraheader' || :"
2026-10-09T12:48:16.1117307Z [command]/usr/bin/git config --local --name-only --get-regexp ^includeIf\.gitdir:
2026-10-09T12:48:16.1159905Z [command]/usr/bin/git submodule foreach --recursive git config --local --show-origin --name-only --get-regexp remote.origin.url
2026-10-09T12:48:16.1499814Z Cleaning up orphan processes
2026-10-09T12:48:16.1723009Z ##[warning]Node.js 20 is deprecated. The following actions target Node.js 20 but are being forced to run on Node.js 24: actions/checkout@11d5960a326750d5838078e36cf38b85af677262, actions/upload-artifact@ea165f8d65b6e75b540449e92b4886f43607fa02. For more information see: https://github.blog/changelog/2025-09-19-deprecation-of-node-20-on-github-actions-runners/
