Note: Google Test filter = EntityYaml.MaapRoundTrip
[==========] Running 1 test from 1 test suite.
[----------] Global test environment set-up.
[----------] 1 test from EntityYaml
[ RUN      ] EntityYaml.MaapRoundTrip
<packet>/scratch/validation/mutations/baseline/tests/test_entity.cpp:26: Failure
Expected equality of these values:
  entity_check_maap()
    Which is: 56
  0

TSN_MESSAGE_BEGIN_8bf99f40f14c388e22415b57e1a29a21
generated MAAP arguments preserve range and interface ownership
TSN_MESSAGE_END_03da3d1f5a21a9cf5246837074d03228


[  FAILED  ] EntityYaml.MaapRoundTrip (0 ms)
[----------] 1 test from EntityYaml (0 ms total)

[----------] Global test environment tear-down
[==========] 1 test from 1 test suite ran. (0 ms total)
[  PASSED  ] 0 tests.
[  FAILED  ] 1 test, listed below:
[  FAILED  ] EntityYaml.MaapRoundTrip

 1 FAILED TEST
