[
  {
    "configuration": "Debug",
    "rc": 0,
    "elf_sha256": "286fa79856f57b50272fca1ed87201ebb9467ee156de5b68cb978d5aafd0e7f8",
    "elf_bytes": 103316,
    "core_objects": {
      "adp.c": "b94fca3cb392de7e9638fa9341bf2cd5feae195add3a5f6ab5c972eaa1085935",
      "acmp.c": "0908bf7f004ca90b8b7e067b197c183d3311060776b1422cd9bc55962959d710",
      "maap.c": "20e2009baa3dcfe4b86a21fdeffda78033927b7b38e48170e2d127da60709e7c"
    },
    "core_imports": [
      "__mulsi3",
      "__umodsi3",
      "ctrl_reentry_assert",
      "memcpy",
      "memset",
      "port_assert_failed"
    ],
    "unresolved_final": [],
    "smoke": "ADP discovery and backpressure; ACMP restore and rollback; MAAP timers and range bounds"
  },
  {
    "configuration": "Release",
    "rc": 0,
    "elf_sha256": "1505b5a1c1da924abe7855fc7c4e71e19b72cbc1937cc5c301e58bdf1a0db1f0",
    "elf_bytes": 36264,
    "core_objects": {
      "adp.c": "31e8d3486aa9fc1bb52bd8e54828f039ae96b2fd04f61f7800daa8377d922425",
      "acmp.c": "56b0c8d698c884ebc9b0732a24edd1f269473e5e0610a0170c647726f218413f",
      "maap.c": "f04b053968b267848c4752d65f1675fca061d9f8aed7e9165885f2b097be0ce8"
    },
    "core_imports": [
      "__umodsi3",
      "ctrl_reentry_assert",
      "memcpy",
      "memset"
    ],
    "unresolved_final": [],
    "smoke": "ADP discovery and backpressure; ACMP restore and rollback; MAAP timers and range bounds"
  }
]
