-- The C compiler identification is GNU 16.2.1
-- Detecting C compiler ABI info
-- Detecting C compiler ABI info - done
-- Check for working C compiler: /usr/bin/cc - skipped
-- Detecting C compile features
-- Detecting C compile features - done
-- The CXX compiler identification is GNU 16.2.1
-- Detecting CXX compiler ABI info
-- Detecting CXX compiler ABI info - done
-- Check for working CXX compiler: /usr/bin/c++ - skipped
-- Detecting CXX compile features
-- Detecting CXX compile features - done
-- Performing Test CMAKE_HAVE_LIBC_PTHREAD
-- Performing Test CMAKE_HAVE_LIBC_PTHREAD - Success
-- Found Threads: TRUE
-- Configuring done (0.6s)
-- Generating done (0.0s)
-- Build files have been written to: $PACKET/scratch/probes/p9-startup-draw-uses-4s/build
[  5%] Building C object CMakeFiles/tsn_debug.dir/src/adp.c.o
[  5%] Building C object CMakeFiles/tsn_test.dir/src/adp.c.o
[ 11%] Building C object CMakeFiles/tsn.dir/src/adp.c.o
[ 11%] Building C object CMakeFiles/tsn_debug.dir/src/maap.c.o
[ 14%] Building C object CMakeFiles/tsn_test.dir/src/acmp.c.o
[ 17%] Building C object CMakeFiles/tsn_test.dir/src/maap.c.o
[ 20%] Linking C static library libtsn_debug.a
[ 23%] Building C object CMakeFiles/tsn.dir/src/acmp.c.o
[ 26%] Building C object CMakeFiles/tsn.dir/src/maap.c.o
[ 26%] Built target tsn_debug
[ 29%] Building CXX object CMakeFiles/adp_debug.dir/tests/test_adp_reentry.cpp.o
[ 32%] Linking C static library libtsn_test.a
[ 35%] Linking C static library libtsn.a
[ 38%] Building CXX object CMakeFiles/maap_debug.dir/tests/test_maap_debug.cpp.o
[ 38%] Built target tsn_test
[ 41%] Building CXX object CMakeFiles/adp_debug.dir/tests/main.cpp.o
[ 41%] Built target tsn
[ 44%] Building CXX object CMakeFiles/maap_debug.dir/tests/main.cpp.o
[ 47%] Building CXX object CMakeFiles/adp_tests.dir/tests/test_adp.cpp.o
[ 50%] Building CXX object CMakeFiles/acmp_tests.dir/tests/test_acmp.cpp.o
[ 52%] Linking CXX executable maap_debug
[ 52%] Built target maap_debug
[ 55%] Building CXX object CMakeFiles/acmp_tests.dir/tests/main.cpp.o
[ 58%] Linking CXX executable adp_debug
[ 58%] Built target adp_debug
[ 61%] Building CXX object CMakeFiles/maap_tests.dir/tests/test_maap.cpp.o
[ 64%] Building CXX object CMakeFiles/maap_tests.dir/tests/main.cpp.o
[ 67%] Linking CXX executable acmp_tests
[ 70%] Building C object CMakeFiles/example_port.dir/examples/adp_port.c.o
[ 73%] Linking CXX executable maap_tests
[ 73%] Built target acmp_tests
[ 76%] Linking C static library libexample_port.a
[ 79%] Building CXX object CMakeFiles/adp_release.dir/tests/test_adp_reentry.cpp.o
[ 79%] Built target example_port
[ 79%] Built target maap_tests
[ 82%] Building CXX object CMakeFiles/adp_tests.dir/tests/main.cpp.o
[ 85%] Building CXX object CMakeFiles/adp_release.dir/tests/main.cpp.o
[ 88%] Building CXX object CMakeFiles/port_tests.dir/tests/test_port.cpp.o
[ 91%] Linking CXX executable adp_tests
[ 94%] Building CXX object CMakeFiles/port_tests.dir/tests/main.cpp.o
[ 94%] Built target adp_tests
[ 97%] Linking CXX executable adp_release
[ 97%] Built target adp_release
[100%] Linking CXX executable port_tests
[100%] Built target port_tests
