-- The C compiler identification is GNU 13.3.0
-- Detecting C compiler ABI info
-- Detecting C compiler ABI info - done
-- Check for working C compiler: /usr/bin/cc - skipped
-- Detecting C compile features
-- Detecting C compile features - done
-- The CXX compiler identification is GNU 13.3.0
-- Detecting CXX compiler ABI info
-- Detecting CXX compiler ABI info - done
-- Check for working CXX compiler: /usr/bin/c++ - skipped
-- Detecting CXX compile features
-- Detecting CXX compile features - done
-- Performing Test CMAKE_HAVE_LIBC_PTHREAD
-- Performing Test CMAKE_HAVE_LIBC_PTHREAD - Success
-- Found Threads: TRUE
-- Configuring done (0.4s)
-- Generating done (0.0s)
-- Build files have been written to: $USER/work/tsn-c-stack/tsn-c-stack/build-validation/registration
[  2%] Building C object CMakeFiles/tsn.dir/src/adp.c.o
[  5%] Building C object CMakeFiles/tsn_debug.dir/src/adp.c.o
[  8%] Building C object CMakeFiles/tsn.dir/src/acmp.c.o
[ 11%] Building C object CMakeFiles/tsn_test.dir/src/adp.c.o
[ 14%] Building C object CMakeFiles/tsn.dir/src/maap.c.o
[ 17%] Building C object CMakeFiles/tsn_test.dir/src/maap.c.o
[ 23%] Building C object CMakeFiles/tsn_test.dir/src/acmp.c.o
[ 23%] Building C object CMakeFiles/tsn_debug.dir/src/maap.c.o
[ 26%] Linking C static library libtsn_debug.a
[ 29%] Linking C static library libtsn.a
[ 32%] Linking C static library libtsn_test.a
[ 32%] Built target tsn_debug
[ 38%] Building CXX object CMakeFiles/adp_debug.dir/tests/test_adp_reentry.cpp.o
[ 38%] Building CXX object CMakeFiles/maap_debug.dir/tests/test_maap_debug.cpp.o
[ 44%] Building CXX object CMakeFiles/adp_debug.dir/tests/main.cpp.o
[ 44%] Building CXX object CMakeFiles/maap_debug.dir/tests/main.cpp.o
[ 44%] Built target tsn
[ 44%] Built target tsn_test
[ 50%] Building CXX object CMakeFiles/acmp_tests.dir/tests/main.cpp.o
[ 50%] Building CXX object CMakeFiles/acmp_tests.dir/tests/test_acmp.cpp.o
[ 52%] Building CXX object CMakeFiles/adp_release.dir/tests/test_adp_reentry.cpp.o
[ 55%] Building CXX object CMakeFiles/maap_tests.dir/tests/test_maap.cpp.o
[ 58%] Building CXX object CMakeFiles/adp_tests.dir/tests/main.cpp.o
[ 61%] Building CXX object CMakeFiles/adp_release.dir/tests/main.cpp.o
[ 64%] Building CXX object CMakeFiles/maap_tests.dir/tests/main.cpp.o
[ 67%] Building CXX object CMakeFiles/adp_tests.dir/tests/test_adp.cpp.o
[ 70%] Building C object CMakeFiles/example_port.dir/examples/adp_port.c.o
[ 73%] Linking C static library libexample_port.a
[ 73%] Built target example_port
[ 79%] Building CXX object CMakeFiles/port_tests.dir/tests/test_port.cpp.o
[ 76%] Building CXX object CMakeFiles/port_tests.dir/tests/main.cpp.o
[ 82%] Linking CXX executable maap_debug
[ 82%] Built target maap_debug
[ 85%] Linking CXX executable port_tests
[ 85%] Built target port_tests
[ 88%] Linking CXX executable adp_release
[ 88%] Built target adp_release
[ 91%] Linking CXX executable adp_debug
[ 91%] Built target adp_debug
[ 94%] Linking CXX executable maap_tests
[ 94%] Built target maap_tests
[ 97%] Linking CXX executable acmp_tests
[ 97%] Built target acmp_tests
[100%] Linking CXX executable adp_tests
[100%] Built target adp_tests
traceability: unknown ID, untraced test and untested requirement controls refused
requirement control caught: missing source
requirement control caught: duplicate source
requirement control caught: unknown source
requirement control caught: changed pin
requirement control caught: moving source link
requirement control caught: moved source anchor
requirement control caught: missing origin
requirement control caught: different origin
requirement control caught: missing target
requirement control caught: empty text
requirement control caught: missing clauses
requirement control caught: unlinked clause
requirement control caught: duplicate authority
requirement control caught: unknown method
requirement control caught: missing port reason
requirement control caught: missing inspection reason
requirement control caught: missing evidence
requirement control caught: broken evidence
requirement control caught: broken contract anchor
requirement control caught: legacy exemption
requirement control caught: false exclusion
requirement control caught: orphan import
requirement control caught: unknown local ID
requirement control caught: duplicate local ID
requirement control caught: missing exclusion reason
requirement records: 25 metadata defects caught
registration: 7 binaries; 372 instances
traceability: 42 requirements; 111 test declarations
