[
  {
    "configuration": "Debug",
    "rc": 0,
    "elf_sha256": "c4f2fe4c6d9ed2b566b4370c443145a9cc60df980efc9edf32cf50cdf2d1835e",
    "elf_bytes": 103316,
    "core_objects": {
      "adp.c": "9256d730fe6107c5b61bc029415d4dba73a50cd954b093c9d9a5364c6705c0d7",
      "acmp.c": "42b180f01a02934dc26123ef7e8ea299c6cd5149498de72edaebd1939abd459f",
      "maap.c": "ef2f182c7a16c22e460054ca1f6e5aea70e4ec5c0d1d29a4a964cf714960d65e"
    },
    "core_imports": [
      "__mulsi3",
      "__umodsi3",
      "ctrl_reentry_assert",
      "memcpy",
      "memset",
      "port_assert_failed"
    ],
    "unresolved_final": [],
    "smoke": "ADP discovery and backpressure; ACMP restore and rollback; MAAP timers and range bounds"
  },
  {
    "configuration": "Release",
    "rc": 0,
    "elf_sha256": "1505b5a1c1da924abe7855fc7c4e71e19b72cbc1937cc5c301e58bdf1a0db1f0",
    "elf_bytes": 36264,
    "core_objects": {
      "adp.c": "31e8d3486aa9fc1bb52bd8e54828f039ae96b2fd04f61f7800daa8377d922425",
      "acmp.c": "56b0c8d698c884ebc9b0732a24edd1f269473e5e0610a0170c647726f218413f",
      "maap.c": "f04b053968b267848c4752d65f1675fca061d9f8aed7e9165885f2b097be0ce8"
    },
    "core_imports": [
      "__umodsi3",
      "ctrl_reentry_assert",
      "memcpy",
      "memset"
    ],
    "unresolved_final": [],
    "smoke": "ADP discovery and backpressure; ACMP restore and rollback; MAAP timers and range bounds"
  }
]
