[==========] Running 122 tests from 2 test suites.
[----------] Global test environment set-up.
[----------] 2 tests from AdpReentry
[ RUN      ] AdpReentry.AdvertiseInlineExpiry
[       OK ] AdpReentry.AdvertiseInlineExpiry (0 ms)
[ RUN      ] AdpReentry.DelayInlineExpiryOnGmChange
[       OK ] AdpReentry.DelayInlineExpiryOnGmChange (0 ms)
[----------] 2 tests from AdpReentry (1 ms total)

[----------] 120 tests from AllPorts/AdpPortEntry
[ RUN      ] AllPorts/AdpPortEntry.RefusesBeforeTouchingState/0
[       OK ] AllPorts/AdpPortEntry.RefusesBeforeTouchingState/0 (0 ms)
[ RUN      ] AllPorts/AdpPortEntry.RefusesBeforeTouchingState/1
[       OK ] AllPorts/AdpPortEntry.RefusesBeforeTouchingState/1 (0 ms)
[ RUN      ] AllPorts/AdpPortEntry.RefusesBeforeTouchingState/2
[       OK ] AllPorts/AdpPortEntry.RefusesBeforeTouchingState/2 (0 ms)
[ RUN      ] AllPorts/AdpPortEntry.RefusesBeforeTouchingState/3
[       OK ] AllPorts/AdpPortEntry.RefusesBeforeTouchingState/3 (0 ms)
[ RUN      ] AllPorts/AdpPortEntry.RefusesBeforeTouchingState/4
[       OK ] AllPorts/AdpPortEntry.RefusesBeforeTouchingState/4 (0 ms)
[ RUN      ] AllPorts/AdpPortEntry.RefusesBeforeTouchingState/5
[       OK ] AllPorts/AdpPortEntry.RefusesBeforeTouchingState/5 (0 ms)
[ RUN      ] AllPorts/AdpPortEntry.RefusesBeforeTouchingState/6
[       OK ] AllPorts/AdpPortEntry.RefusesBeforeTouchingState/6 (0 ms)
[ RUN      ] AllPorts/AdpPortEntry.RefusesBeforeTouchingState/7
[       OK ] AllPorts/AdpPortEntry.RefusesBeforeTouchingState/7 (0 ms)
[ RUN      ] AllPorts/AdpPortEntry.RefusesBeforeTouchingState/8
[       OK ] AllPorts/AdpPortEntry.RefusesBeforeTouchingState/8 (0 ms)
[ RUN      ] AllPorts/AdpPortEntry.RefusesBeforeTouchingState/9
[       OK ] AllPorts/AdpPortEntry.RefusesBeforeTouchingState/9 (0 ms)
[ RUN      ] AllPorts/AdpPortEntry.RefusesBeforeTouchingState/10
[       OK ] AllPorts/AdpPortEntry.RefusesBeforeTouchingState/10 (0 ms)
[ RUN      ] AllPorts/AdpPortEntry.RefusesBeforeTouchingState/11
[       OK ] AllPorts/AdpPortEntry.RefusesBeforeTouchingState/11 (0 ms)
[ RUN      ] AllPorts/AdpPortEntry.RefusesBeforeTouchingState/12
[       OK ] AllPorts/AdpPortEntry.RefusesBeforeTouchingState/12 (0 ms)
[ RUN      ] AllPorts/AdpPortEntry.RefusesBeforeTouchingState/13
[       OK ] AllPorts/AdpPortEntry.RefusesBeforeTouchingState/13 (0 ms)
[ RUN      ] AllPorts/AdpPortEntry.RefusesBeforeTouchingState/14
[       OK ] AllPorts/AdpPortEntry.RefusesBeforeTouchingState/14 (0 ms)
[ RUN      ] AllPorts/AdpPortEntry.RefusesBeforeTouchingState/15
[       OK ] AllPorts/AdpPortEntry.RefusesBeforeTouchingState/15 (0 ms)
[ RUN      ] AllPorts/AdpPortEntry.RefusesBeforeTouchingState/16
[       OK ] AllPorts/AdpPortEntry.RefusesBeforeTouchingState/16 (0 ms)
[ RUN      ] AllPorts/AdpPortEntry.RefusesBeforeTouchingState/17
[       OK ] AllPorts/AdpPortEntry.RefusesBeforeTouchingState/17 (0 ms)
[ RUN      ] AllPorts/AdpPortEntry.RefusesBeforeTouchingState/18
[       OK ] AllPorts/AdpPortEntry.RefusesBeforeTouchingState/18 (0 ms)
[ RUN      ] AllPorts/AdpPortEntry.RefusesBeforeTouchingState/19
[       OK ] AllPorts/AdpPortEntry.RefusesBeforeTouchingState/19 (0 ms)
[ RUN      ] AllPorts/AdpPortEntry.RefusesBeforeTouchingState/20
[       OK ] AllPorts/AdpPortEntry.RefusesBeforeTouchingState/20 (0 ms)
[ RUN      ] AllPorts/AdpPortEntry.RefusesBeforeTouchingState/21
[       OK ] AllPorts/AdpPortEntry.RefusesBeforeTouchingState/21 (0 ms)
[ RUN      ] AllPorts/AdpPortEntry.RefusesBeforeTouchingState/22
[       OK ] AllPorts/AdpPortEntry.RefusesBeforeTouchingState/22 (0 ms)
[ RUN      ] AllPorts/AdpPortEntry.RefusesBeforeTouchingState/23
[       OK ] AllPorts/AdpPortEntry.RefusesBeforeTouchingState/23 (0 ms)
[ RUN      ] AllPorts/AdpPortEntry.RefusesBeforeTouchingState/24
[       OK ] AllPorts/AdpPortEntry.RefusesBeforeTouchingState/24 (0 ms)
[ RUN      ] AllPorts/AdpPortEntry.RefusesBeforeTouchingState/25
[       OK ] AllPorts/AdpPortEntry.RefusesBeforeTouchingState/25 (0 ms)
[ RUN      ] AllPorts/AdpPortEntry.RefusesBeforeTouchingState/26
[       OK ] AllPorts/AdpPortEntry.RefusesBeforeTouchingState/26 (0 ms)
[ RUN      ] AllPorts/AdpPortEntry.RefusesBeforeTouchingState/27
[       OK ] AllPorts/AdpPortEntry.RefusesBeforeTouchingState/27 (0 ms)
[ RUN      ] AllPorts/AdpPortEntry.RefusesBeforeTouchingState/28
[       OK ] AllPorts/AdpPortEntry.RefusesBeforeTouchingState/28 (0 ms)
[ RUN      ] AllPorts/AdpPortEntry.RefusesBeforeTouchingState/29
[       OK ] AllPorts/AdpPortEntry.RefusesBeforeTouchingState/29 (0 ms)
[ RUN      ] AllPorts/AdpPortEntry.RefusesBeforeTouchingState/30
[       OK ] AllPorts/AdpPortEntry.RefusesBeforeTouchingState/30 (0 ms)
[ RUN      ] AllPorts/AdpPortEntry.RefusesBeforeTouchingState/31
[       OK ] AllPorts/AdpPortEntry.RefusesBeforeTouchingState/31 (0 ms)
[ RUN      ] AllPorts/AdpPortEntry.RefusesBeforeTouchingState/32
[       OK ] AllPorts/AdpPortEntry.RefusesBeforeTouchingState/32 (0 ms)
[ RUN      ] AllPorts/AdpPortEntry.RefusesBeforeTouchingState/33
[       OK ] AllPorts/AdpPortEntry.RefusesBeforeTouchingState/33 (0 ms)
[ RUN      ] AllPorts/AdpPortEntry.RefusesBeforeTouchingState/34
[       OK ] AllPorts/AdpPortEntry.RefusesBeforeTouchingState/34 (0 ms)
[ RUN      ] AllPorts/AdpPortEntry.RefusesBeforeTouchingState/35
[       OK ] AllPorts/AdpPortEntry.RefusesBeforeTouchingState/35 (0 ms)
[ RUN      ] AllPorts/AdpPortEntry.RefusesBeforeTouchingState/36
[       OK ] AllPorts/AdpPortEntry.RefusesBeforeTouchingState/36 (0 ms)
[ RUN      ] AllPorts/AdpPortEntry.RefusesBeforeTouchingState/37
[       OK ] AllPorts/AdpPortEntry.RefusesBeforeTouchingState/37 (0 ms)
[ RUN      ] AllPorts/AdpPortEntry.RefusesBeforeTouchingState/38
[       OK ] AllPorts/AdpPortEntry.RefusesBeforeTouchingState/38 (0 ms)
[ RUN      ] AllPorts/AdpPortEntry.RefusesBeforeTouchingState/39
[       OK ] AllPorts/AdpPortEntry.RefusesBeforeTouchingState/39 (0 ms)
[ RUN      ] AllPorts/AdpPortEntry.RefusesBeforeTouchingState/40
[       OK ] AllPorts/AdpPortEntry.RefusesBeforeTouchingState/40 (0 ms)
[ RUN      ] AllPorts/AdpPortEntry.RefusesBeforeTouchingState/41
[       OK ] AllPorts/AdpPortEntry.RefusesBeforeTouchingState/41 (0 ms)
[ RUN      ] AllPorts/AdpPortEntry.RefusesBeforeTouchingState/42
[       OK ] AllPorts/AdpPortEntry.RefusesBeforeTouchingState/42 (0 ms)
[ RUN      ] AllPorts/AdpPortEntry.RefusesBeforeTouchingState/43
[       OK ] AllPorts/AdpPortEntry.RefusesBeforeTouchingState/43 (0 ms)
[ RUN      ] AllPorts/AdpPortEntry.RefusesBeforeTouchingState/44
[       OK ] AllPorts/AdpPortEntry.RefusesBeforeTouchingState/44 (0 ms)
[ RUN      ] AllPorts/AdpPortEntry.RefusesBeforeTouchingState/45
[       OK ] AllPorts/AdpPortEntry.RefusesBeforeTouchingState/45 (0 ms)
[ RUN      ] AllPorts/AdpPortEntry.RefusesBeforeTouchingState/46
[       OK ] AllPorts/AdpPortEntry.RefusesBeforeTouchingState/46 (0 ms)
[ RUN      ] AllPorts/AdpPortEntry.RefusesBeforeTouchingState/47
[       OK ] AllPorts/AdpPortEntry.RefusesBeforeTouchingState/47 (0 ms)
[ RUN      ] AllPorts/AdpPortEntry.RefusesBeforeTouchingState/48
[       OK ] AllPorts/AdpPortEntry.RefusesBeforeTouchingState/48 (0 ms)
[ RUN      ] AllPorts/AdpPortEntry.RefusesBeforeTouchingState/49
[       OK ] AllPorts/AdpPortEntry.RefusesBeforeTouchingState/49 (0 ms)
[ RUN      ] AllPorts/AdpPortEntry.RefusesBeforeTouchingState/50
[       OK ] AllPorts/AdpPortEntry.RefusesBeforeTouchingState/50 (0 ms)
[ RUN      ] AllPorts/AdpPortEntry.RefusesBeforeTouchingState/51
[       OK ] AllPorts/AdpPortEntry.RefusesBeforeTouchingState/51 (0 ms)
[ RUN      ] AllPorts/AdpPortEntry.RefusesBeforeTouchingState/52
[       OK ] AllPorts/AdpPortEntry.RefusesBeforeTouchingState/52 (0 ms)
[ RUN      ] AllPorts/AdpPortEntry.RefusesBeforeTouchingState/53
[       OK ] AllPorts/AdpPortEntry.RefusesBeforeTouchingState/53 (0 ms)
[ RUN      ] AllPorts/AdpPortEntry.RefusesBeforeTouchingState/54
[       OK ] AllPorts/AdpPortEntry.RefusesBeforeTouchingState/54 (0 ms)
[ RUN      ] AllPorts/AdpPortEntry.RefusesBeforeTouchingState/55
[       OK ] AllPorts/AdpPortEntry.RefusesBeforeTouchingState/55 (0 ms)
[ RUN      ] AllPorts/AdpPortEntry.RefusesBeforeTouchingState/56
[       OK ] AllPorts/AdpPortEntry.RefusesBeforeTouchingState/56 (0 ms)
[ RUN      ] AllPorts/AdpPortEntry.RefusesBeforeTouchingState/57
[       OK ] AllPorts/AdpPortEntry.RefusesBeforeTouchingState/57 (0 ms)
[ RUN      ] AllPorts/AdpPortEntry.RefusesBeforeTouchingState/58
[       OK ] AllPorts/AdpPortEntry.RefusesBeforeTouchingState/58 (0 ms)
[ RUN      ] AllPorts/AdpPortEntry.RefusesBeforeTouchingState/59
[       OK ] AllPorts/AdpPortEntry.RefusesBeforeTouchingState/59 (0 ms)
[ RUN      ] AllPorts/AdpPortEntry.RefusesBeforeTouchingState/60
[       OK ] AllPorts/AdpPortEntry.RefusesBeforeTouchingState/60 (0 ms)
[ RUN      ] AllPorts/AdpPortEntry.RefusesBeforeTouchingState/61
[       OK ] AllPorts/AdpPortEntry.RefusesBeforeTouchingState/61 (0 ms)
[ RUN      ] AllPorts/AdpPortEntry.RefusesBeforeTouchingState/62
[       OK ] AllPorts/AdpPortEntry.RefusesBeforeTouchingState/62 (0 ms)
[ RUN      ] AllPorts/AdpPortEntry.RefusesBeforeTouchingState/63
[       OK ] AllPorts/AdpPortEntry.RefusesBeforeTouchingState/63 (0 ms)
[ RUN      ] AllPorts/AdpPortEntry.RefusesBeforeTouchingState/64
[       OK ] AllPorts/AdpPortEntry.RefusesBeforeTouchingState/64 (0 ms)
[ RUN      ] AllPorts/AdpPortEntry.RefusesBeforeTouchingState/65
[       OK ] AllPorts/AdpPortEntry.RefusesBeforeTouchingState/65 (0 ms)
[ RUN      ] AllPorts/AdpPortEntry.RefusesBeforeTouchingState/66
[       OK ] AllPorts/AdpPortEntry.RefusesBeforeTouchingState/66 (0 ms)
[ RUN      ] AllPorts/AdpPortEntry.RefusesBeforeTouchingState/67
[       OK ] AllPorts/AdpPortEntry.RefusesBeforeTouchingState/67 (0 ms)
[ RUN      ] AllPorts/AdpPortEntry.RefusesBeforeTouchingState/68
[       OK ] AllPorts/AdpPortEntry.RefusesBeforeTouchingState/68 (0 ms)
[ RUN      ] AllPorts/AdpPortEntry.RefusesBeforeTouchingState/69
[       OK ] AllPorts/AdpPortEntry.RefusesBeforeTouchingState/69 (0 ms)
[ RUN      ] AllPorts/AdpPortEntry.RefusesBeforeTouchingState/70
[       OK ] AllPorts/AdpPortEntry.RefusesBeforeTouchingState/70 (0 ms)
[ RUN      ] AllPorts/AdpPortEntry.RefusesBeforeTouchingState/71
[       OK ] AllPorts/AdpPortEntry.RefusesBeforeTouchingState/71 (0 ms)
[ RUN      ] AllPorts/AdpPortEntry.RefusesBeforeTouchingState/72
[       OK ] AllPorts/AdpPortEntry.RefusesBeforeTouchingState/72 (0 ms)
[ RUN      ] AllPorts/AdpPortEntry.RefusesBeforeTouchingState/73
[       OK ] AllPorts/AdpPortEntry.RefusesBeforeTouchingState/73 (0 ms)
[ RUN      ] AllPorts/AdpPortEntry.RefusesBeforeTouchingState/74
[       OK ] AllPorts/AdpPortEntry.RefusesBeforeTouchingState/74 (0 ms)
[ RUN      ] AllPorts/AdpPortEntry.RefusesBeforeTouchingState/75
[       OK ] AllPorts/AdpPortEntry.RefusesBeforeTouchingState/75 (0 ms)
[ RUN      ] AllPorts/AdpPortEntry.RefusesBeforeTouchingState/76
[       OK ] AllPorts/AdpPortEntry.RefusesBeforeTouchingState/76 (0 ms)
[ RUN      ] AllPorts/AdpPortEntry.RefusesBeforeTouchingState/77
[       OK ] AllPorts/AdpPortEntry.RefusesBeforeTouchingState/77 (0 ms)
[ RUN      ] AllPorts/AdpPortEntry.RefusesBeforeTouchingState/78
[       OK ] AllPorts/AdpPortEntry.RefusesBeforeTouchingState/78 (0 ms)
[ RUN      ] AllPorts/AdpPortEntry.RefusesBeforeTouchingState/79
[       OK ] AllPorts/AdpPortEntry.RefusesBeforeTouchingState/79 (0 ms)
[ RUN      ] AllPorts/AdpPortEntry.RefusesBeforeTouchingState/80
[       OK ] AllPorts/AdpPortEntry.RefusesBeforeTouchingState/80 (0 ms)
[ RUN      ] AllPorts/AdpPortEntry.RefusesBeforeTouchingState/81
[       OK ] AllPorts/AdpPortEntry.RefusesBeforeTouchingState/81 (0 ms)
[ RUN      ] AllPorts/AdpPortEntry.RefusesBeforeTouchingState/82
[       OK ] AllPorts/AdpPortEntry.RefusesBeforeTouchingState/82 (0 ms)
[ RUN      ] AllPorts/AdpPortEntry.RefusesBeforeTouchingState/83
[       OK ] AllPorts/AdpPortEntry.RefusesBeforeTouchingState/83 (0 ms)
[ RUN      ] AllPorts/AdpPortEntry.RefusesBeforeTouchingState/84
[       OK ] AllPorts/AdpPortEntry.RefusesBeforeTouchingState/84 (0 ms)
[ RUN      ] AllPorts/AdpPortEntry.RefusesBeforeTouchingState/85
[       OK ] AllPorts/AdpPortEntry.RefusesBeforeTouchingState/85 (0 ms)
[ RUN      ] AllPorts/AdpPortEntry.RefusesBeforeTouchingState/86
[       OK ] AllPorts/AdpPortEntry.RefusesBeforeTouchingState/86 (0 ms)
[ RUN      ] AllPorts/AdpPortEntry.RefusesBeforeTouchingState/87
[       OK ] AllPorts/AdpPortEntry.RefusesBeforeTouchingState/87 (0 ms)
[ RUN      ] AllPorts/AdpPortEntry.RefusesBeforeTouchingState/88
[       OK ] AllPorts/AdpPortEntry.RefusesBeforeTouchingState/88 (0 ms)
[ RUN      ] AllPorts/AdpPortEntry.RefusesBeforeTouchingState/89
[       OK ] AllPorts/AdpPortEntry.RefusesBeforeTouchingState/89 (0 ms)
[ RUN      ] AllPorts/AdpPortEntry.RefusesBeforeTouchingState/90
[       OK ] AllPorts/AdpPortEntry.RefusesBeforeTouchingState/90 (0 ms)
[ RUN      ] AllPorts/AdpPortEntry.RefusesBeforeTouchingState/91
[       OK ] AllPorts/AdpPortEntry.RefusesBeforeTouchingState/91 (0 ms)
[ RUN      ] AllPorts/AdpPortEntry.RefusesBeforeTouchingState/92
[       OK ] AllPorts/AdpPortEntry.RefusesBeforeTouchingState/92 (0 ms)
[ RUN      ] AllPorts/AdpPortEntry.RefusesBeforeTouchingState/93
[       OK ] AllPorts/AdpPortEntry.RefusesBeforeTouchingState/93 (0 ms)
[ RUN      ] AllPorts/AdpPortEntry.RefusesBeforeTouchingState/94
[       OK ] AllPorts/AdpPortEntry.RefusesBeforeTouchingState/94 (0 ms)
[ RUN      ] AllPorts/AdpPortEntry.RefusesBeforeTouchingState/95
[       OK ] AllPorts/AdpPortEntry.RefusesBeforeTouchingState/95 (0 ms)
[ RUN      ] AllPorts/AdpPortEntry.RefusesBeforeTouchingState/96
[       OK ] AllPorts/AdpPortEntry.RefusesBeforeTouchingState/96 (0 ms)
[ RUN      ] AllPorts/AdpPortEntry.RefusesBeforeTouchingState/97
[       OK ] AllPorts/AdpPortEntry.RefusesBeforeTouchingState/97 (0 ms)
[ RUN      ] AllPorts/AdpPortEntry.RefusesBeforeTouchingState/98
[       OK ] AllPorts/AdpPortEntry.RefusesBeforeTouchingState/98 (0 ms)
[ RUN      ] AllPorts/AdpPortEntry.RefusesBeforeTouchingState/99
[       OK ] AllPorts/AdpPortEntry.RefusesBeforeTouchingState/99 (0 ms)
[ RUN      ] AllPorts/AdpPortEntry.RefusesBeforeTouchingState/100
[       OK ] AllPorts/AdpPortEntry.RefusesBeforeTouchingState/100 (0 ms)
[ RUN      ] AllPorts/AdpPortEntry.RefusesBeforeTouchingState/101
[       OK ] AllPorts/AdpPortEntry.RefusesBeforeTouchingState/101 (0 ms)
[ RUN      ] AllPorts/AdpPortEntry.RefusesBeforeTouchingState/102
[       OK ] AllPorts/AdpPortEntry.RefusesBeforeTouchingState/102 (0 ms)
[ RUN      ] AllPorts/AdpPortEntry.RefusesBeforeTouchingState/103
[       OK ] AllPorts/AdpPortEntry.RefusesBeforeTouchingState/103 (0 ms)
[ RUN      ] AllPorts/AdpPortEntry.RefusesBeforeTouchingState/104
[       OK ] AllPorts/AdpPortEntry.RefusesBeforeTouchingState/104 (0 ms)
[ RUN      ] AllPorts/AdpPortEntry.RefusesBeforeTouchingState/105
[       OK ] AllPorts/AdpPortEntry.RefusesBeforeTouchingState/105 (0 ms)
[ RUN      ] AllPorts/AdpPortEntry.RefusesBeforeTouchingState/106
[       OK ] AllPorts/AdpPortEntry.RefusesBeforeTouchingState/106 (0 ms)
[ RUN      ] AllPorts/AdpPortEntry.RefusesBeforeTouchingState/107
[       OK ] AllPorts/AdpPortEntry.RefusesBeforeTouchingState/107 (0 ms)
[ RUN      ] AllPorts/AdpPortEntry.RefusesBeforeTouchingState/108
[       OK ] AllPorts/AdpPortEntry.RefusesBeforeTouchingState/108 (0 ms)
[ RUN      ] AllPorts/AdpPortEntry.RefusesBeforeTouchingState/109
[       OK ] AllPorts/AdpPortEntry.RefusesBeforeTouchingState/109 (0 ms)
[ RUN      ] AllPorts/AdpPortEntry.RefusesBeforeTouchingState/110
[       OK ] AllPorts/AdpPortEntry.RefusesBeforeTouchingState/110 (0 ms)
[ RUN      ] AllPorts/AdpPortEntry.RefusesBeforeTouchingState/111
[       OK ] AllPorts/AdpPortEntry.RefusesBeforeTouchingState/111 (0 ms)
[ RUN      ] AllPorts/AdpPortEntry.RefusesBeforeTouchingState/112
[       OK ] AllPorts/AdpPortEntry.RefusesBeforeTouchingState/112 (0 ms)
[ RUN      ] AllPorts/AdpPortEntry.RefusesBeforeTouchingState/113
[       OK ] AllPorts/AdpPortEntry.RefusesBeforeTouchingState/113 (0 ms)
[ RUN      ] AllPorts/AdpPortEntry.RefusesBeforeTouchingState/114
[       OK ] AllPorts/AdpPortEntry.RefusesBeforeTouchingState/114 (0 ms)
[ RUN      ] AllPorts/AdpPortEntry.RefusesBeforeTouchingState/115
[       OK ] AllPorts/AdpPortEntry.RefusesBeforeTouchingState/115 (0 ms)
[ RUN      ] AllPorts/AdpPortEntry.RefusesBeforeTouchingState/116
[       OK ] AllPorts/AdpPortEntry.RefusesBeforeTouchingState/116 (0 ms)
[ RUN      ] AllPorts/AdpPortEntry.RefusesBeforeTouchingState/117
[       OK ] AllPorts/AdpPortEntry.RefusesBeforeTouchingState/117 (0 ms)
[ RUN      ] AllPorts/AdpPortEntry.RefusesBeforeTouchingState/118
[       OK ] AllPorts/AdpPortEntry.RefusesBeforeTouchingState/118 (0 ms)
[ RUN      ] AllPorts/AdpPortEntry.RefusesBeforeTouchingState/119
[       OK ] AllPorts/AdpPortEntry.RefusesBeforeTouchingState/119 (0 ms)
[----------] 120 tests from AllPorts/AdpPortEntry (83 ms total)

[----------] Global test environment tear-down
[==========] 122 tests from 2 test suites ran. (85 ms total)
[  PASSED  ] 122 tests.
